Archive member included to satisfy reference by file (symbol)

D:/devkitPro/libctru/lib\libcitro2d.a(base.o)
                              main.o (C2D_Init)
D:/devkitPro/libctru/lib\libcitro2d.a(spritesheet.o)
                              main.o (C2D_SpriteSheetLoad)
D:/devkitPro/libctru/lib\libcitro2d.a(render2d.shbin.o)
                              D:/devkitPro/libctru/lib\libcitro2d.a(base.o) (render2d_shbin)
D:/devkitPro/libctru/lib\libcitro3d.a(attribs.o)
                              D:/devkitPro/libctru/lib\libcitro2d.a(base.o) (AttrInfo_Init)
D:/devkitPro/libctru/lib\libcitro3d.a(base.o)
                              D:/devkitPro/libctru/lib\libcitro3d.a(attribs.o) (__C3D_Context)
D:/devkitPro/libctru/lib\libcitro3d.a(buffers.o)
                              D:/devkitPro/libctru/lib\libcitro2d.a(base.o) (BufInfo_Init)
D:/devkitPro/libctru/lib\libcitro3d.a(drawElements.o)
                              D:/devkitPro/libctru/lib\libcitro2d.a(base.o) (C3D_DrawElements)
D:/devkitPro/libctru/lib\libcitro3d.a(effect.o)
                              D:/devkitPro/libctru/lib\libcitro3d.a(base.o) (C3D_DepthMap)
D:/devkitPro/libctru/lib\libcitro3d.a(framebuffer.o)
                              D:/devkitPro/libctru/lib\libcitro3d.a(base.o) (C3Di_FrameBufBind)
D:/devkitPro/libctru/lib\libcitro3d.a(immediate.o)
                              D:/devkitPro/libctru/lib\libcitro3d.a(base.o) (C3D_ImmSendAttrib)
D:/devkitPro/libctru/lib\libcitro3d.a(proctex.o)
                              D:/devkitPro/libctru/lib\libcitro2d.a(base.o) (C3D_ProcTexInit)
D:/devkitPro/libctru/lib\libcitro3d.a(renderqueue.o)
                              D:/devkitPro/libctru/lib\libcitro3d.a(base.o) (C3Di_RenderQueueEnableVBlank)
D:/devkitPro/libctru/lib\libcitro3d.a(tex3ds.o)
                              D:/devkitPro/libctru/lib\libcitro2d.a(spritesheet.o) (Tex3DS_TextureImport)
D:/devkitPro/libctru/lib\libcitro3d.a(texenv.o)
                              D:/devkitPro/libctru/lib\libcitro2d.a(base.o) (C3D_GetTexEnv)
D:/devkitPro/libctru/lib\libcitro3d.a(texture.o)
                              D:/devkitPro/libctru/lib\libcitro3d.a(tex3ds.o) (C3D_TexInitWithParams)
D:/devkitPro/libctru/lib\libcitro3d.a(uniforms.o)
                              D:/devkitPro/libctru/lib\libcitro3d.a(base.o) (C3D_UpdateUniforms)
D:/devkitPro/libctru/lib\libcitro3d.a(mtx_multiply.o)
                              D:/devkitPro/libctru/lib\libcitro2d.a(base.o) (Mtx_Multiply)
D:/devkitPro/libctru/lib\libcitro3d.a(mtx_ortho.o)
                              D:/devkitPro/libctru/lib\libcitro2d.a(base.o) (Mtx_Ortho)
D:/devkitPro/libctru/lib\libcitro3d.a(mtx_orthotilt.o)
                              D:/devkitPro/libctru/lib\libcitro2d.a(base.o) (Mtx_OrthoTilt)
D:/devkitPro/libctru/lib\libcitro3d.a(mtx_rotatez.o)
                              D:/devkitPro/libctru/lib\libcitro2d.a(base.o) (Mtx_RotateZ)
D:/devkitPro/libctru/lib\libcitro3d.a(mtx_scale.o)
                              D:/devkitPro/libctru/lib\libcitro2d.a(base.o) (Mtx_Scale)
D:/devkitPro/libctru/lib\libcitro3d.a(mtx_translate.o)
                              D:/devkitPro/libctru/lib\libcitro2d.a(base.o) (Mtx_Translate)
D:/devkitPro/libctru/lib\libctru.a(linear.o)
                              main.o (linearAlloc)
D:/devkitPro/libctru/lib\libctru.a(mem_pool.o)
                              D:/devkitPro/libctru/lib\libctru.a(linear.o) (MemPool::Allocate(MemChunk&, unsigned long, int))
D:/devkitPro/libctru/lib\libctru.a(vram.o)
                              D:/devkitPro/libctru/lib\libcitro3d.a(renderqueue.o) (vramAlloc)
D:/devkitPro/libctru/lib\libctru.a(gfx.o)
                              D:/devkitPro/libctru/lib\libcitro2d.a(base.o) (gfxIsWide)
D:/devkitPro/libctru/lib\libctru.a(os.o)
                              D:/devkitPro/libctru/lib\libcitro3d.a(buffers.o) (osConvertVirtToPhys)
D:/devkitPro/libctru/lib\libctru.a(romfs_dev.o)
                              main.o (romfsMountSelf)
D:/devkitPro/libctru/lib\libctru.a(synchronization.o)
                              main.o (LightEvent_Init)
D:/devkitPro/libctru/lib\libctru.a(thread.o)
                              main.o (threadCreate)
D:/devkitPro/libctru/lib\libctru.a(gpu.o)
                              D:/devkitPro/libctru/lib\libcitro3d.a(renderqueue.o) (gpuCmdBuf)
D:/devkitPro/libctru/lib\libctru.a(gx.o)
                              D:/devkitPro/libctru/lib\libcitro3d.a(renderqueue.o) (GX_BindQueue)
D:/devkitPro/libctru/lib\libctru.a(gxqueue.o)
                              D:/devkitPro/libctru/lib\libcitro3d.a(renderqueue.o) (gxCmdQueueClear)
D:/devkitPro/libctru/lib\libctru.a(shaderProgram.o)
                              D:/devkitPro/libctru/lib\libcitro2d.a(base.o) (shaderInstanceGetUniformLocation)
D:/devkitPro/libctru/lib\libctru.a(shbin.o)
                              D:/devkitPro/libctru/lib\libcitro2d.a(base.o) (DVLB_ParseFile)
[...]
Memory Configuration

Name             Origin             Length             Attributes
*default*        0x00000000         0xffffffff

Linker script and memory map

                0x00000000                        __sync_synchronize = __sync_synchronize_dmb
                0x00100000                        PROVIDE (__start__ = 0x100000)
                0x00100000                        . = __start__

.text           0x00100000    0x76690
 *(.crt0)
 .crt0          0x00100000       0x94 D:/devkitPro/devkitARM/bin/../lib/gcc/arm-none-eabi/15.1.0/../../../../arm-none-eabi/lib/armv6k/fpu/3dsx_crt0.o
                0x00100000                _start
                0x00100008                __service_ptr
                0x0010000c                __apt_appid
                0x00100010                __heap_size
                0x00100014                __linear_heap_size
                0x00100018                __system_arglist
                0x0010001c                __system_runflags
 *(.init)
 .init          0x00100094        0xc D:/devkitPro/devkitARM/bin/../lib/gcc/arm-none-eabi/15.1.0/armv6k/fpu/crti.o
                0x00100094                _init
 .init          0x001000a0        0xc D:/devkitPro/devkitARM/bin/../lib/gcc/arm-none-eabi/15.1.0/armv6k/fpu/crtn.o
                0x001000ac                        . = ALIGN (0x4)
 *(.text)
 .text          0x001000ac      0x20c D:/devkitPro/devkitARM/bin/../lib/gcc/arm-none-eabi/15.1.0/armv6k/fpu\libgcc.a(_udivsi3.o)
                0x001000ac                __aeabi_uidiv
                0x001000ac                __udivsi3
                0x00100298                __aeabi_uidivmod
 .text          0x001002b8      0x240 D:/devkitPro/devkitARM/bin/../lib/gcc/arm-none-eabi/15.1.0/armv6k/fpu\libgcc.a(_divsi3.o)
                0x001002b8                __divsi3
                0x001002b8                __aeabi_idiv
                0x001004d8                __aeabi_idivmod
 .text          0x001004f8        0x4 D:/devkitPro/devkitARM/bin/../lib/gcc/arm-none-eabi/15.1.0/armv6k/fpu\libgcc.a(_dvmd_tls.o)
                0x001004f8                __aeabi_idiv0
                0x001004f8                __aeabi_ldiv0
 .text          0x001004fc      0x3c0 D:/devkitPro/devkitARM/bin/../lib/gcc/arm-none-eabi/15.1.0/armv6k/fpu\libgcc.a(_arm_addsubdf3.o)
                0x001004fc                __aeabi_drsub
                0x00100504                __aeabi_dsub
                0x00100504                __subdf3
                0x00100508                __aeabi_dadd
                0x00100508                __adddf3
                0x001007b4                __floatunsidf
                0x001007b4                __aeabi_ui2d
                0x001007d8                __floatsidf
                0x001007d8                __aeabi_i2d
                0x00100800                __aeabi_f2d
                0x00100800                __extendsfdf2
                0x00100848                __floatundidf
                0x00100848                __aeabi_ul2d
                0x0010085c                __floatdidf
                0x0010085c                __aeabi_l2d
 .text          0x001008bc      0x250 D:/devkitPro/devkitARM/bin/../lib/gcc/arm-none-eabi/15.1.0/armv6k/fpu\libgcc.a(_arm_addsubsf3.o)
                0x001008bc                __aeabi_frsub
                0x001008c4                __subsf3
                0x001008c4                __aeabi_fsub
                0x001008c8                __aeabi_fadd
                0x001008c8                __addsf3
                0x00100a58                __aeabi_ui2f
                0x00100a58                __floatunsisf
                0x00100a60                __aeabi_i2f
                0x00100a60                __floatsisf
                0x00100a80                __aeabi_ul2f
                0x00100a80                __floatundisf
                0x00100a90                __aeabi_l2f
                0x00100a90                __floatdisf
 .text          0x00100b0c       0xd4 D:/devkitPro/devkitARM/bin/../lib/gcc/arm-none-eabi/15.1.0/armv6k/fpu\libgcc.a(_aeabi_ldivmod.o)
                0x00100b0c                __aeabi_ldivmod
 .text          0x00100be0       0x3c D:/devkitPro/devkitARM/bin/../lib/gcc/arm-none-eabi/15.1.0/armv6k/fpu\libgcc.a(_aeabi_uldivmod.o)
                0x00100be0                __aeabi_uldivmod
 .text          0x00100c1c      0x1a8 D:/devkitPro/devkitARM/bin/../lib/gcc/arm-none-eabi/15.1.0/armv6k/fpu\libgcc.a(libunwind.o)
                0x00100c1c                __restore_core_regs
                0x00100c1c                restore_core_regs
                0x00100c30                __gnu_Unwind_Restore_VFP
                0x00100c38                __gnu_Unwind_Save_VFP
                0x00100c40                __gnu_Unwind_Restore_VFP_D
                0x00100c48                __gnu_Unwind_Save_VFP_D
                0x00100c50                __gnu_Unwind_Restore_VFP_D_16_to_31
                0x00100c58                __gnu_Unwind_Save_VFP_D_16_to_31
                0x00100c60                __gnu_Unwind_Restore_WMMXD
                0x00100ca4                __gnu_Unwind_Save_WMMXD
                0x00100ce8                __gnu_Unwind_Restore_WMMXC
                0x00100cfc                __gnu_Unwind_Save_WMMXC
                0x00100d10                ___Unwind_RaiseException
                0x00100d10                _Unwind_RaiseException
                0x00100d34                _Unwind_Resume
                0x00100d34                ___Unwind_Resume
                0x00100d58                _Unwind_Resume_or_Rethrow
                0x00100d58                ___Unwind_Resume_or_Rethrow
                0x00100d7c                _Unwind_ForcedUnwind
                0x00100d7c                ___Unwind_ForcedUnwind
                0x00100da0                ___Unwind_Backtrace
                0x00100da0                _Unwind_Backtrace
 *fill*         0x00100dc4       0x1c 
 .text          0x00100de0      0x390 D:/devkitPro/devkitARM/bin/../lib/gcc/arm-none-eabi/15.1.0/../../../../arm-none-eabi/lib/armv6k/fpu\libg.a(libc_a-strcmp.o)
                0x00100de8                strcmp
 *(.text.*)
 .text.__do_global_dtors_aux
                0x00101170       0x50 D:/devkitPro/devkitARM/bin/../lib/gcc/arm-none-eabi/15.1.0/armv6k/fpu/crtbegin.o
 .text.frame_dummy
                0x001011c0       0x2c D:/devkitPro/devkitARM/bin/../lib/gcc/arm-none-eabi/15.1.0/armv6k/fpu/crtbegin.o
 .text.audioCallback_ogg
                0x001011ec       0x1c main.o
                0x001011ec                audioCallback_ogg
 .text.audioInit
                0x00101208       0xdc main.o
                0x00101208                audioInit
 .text.fillBuffer
                0x001012e4       0x90 main.o
                0x001012e4                fillBuffer
 .text.audioCallback_mod
                0x00101374       0x80 main.o
                0x00101374                audioCallback_mod
 .text.audioThread
                0x001013f4       0xa0 main.o
                0x001013f4                audioThread
 .text.play_mod
                0x00101494      0x17c main.o
                0x00101494                play_mod
 .text.create_audio_thread
                0x00101610       0x80 main.o
                0x00101610                create_audio_thread
 .text.init_title
                0x00101690      0x13c main.o
                0x00101690                init_title
 .text.init_menu_options
                0x001017cc       0x6c main.o
                0x001017cc                init_menu_options
 .text.update_menu_options
                0x00101838      0x21c main.o
                0x00101838                update_menu_options
 *fill*         0x00101a54        0x4 
 .text.process_title_anim
                0x00101a58      0x12c main.o
                0x00101a58                process_title_anim
 *fill*         0x00101b84        0x4 
 .text.update_title
                0x00101b88      0x584 main.o
                0x00101b88                update_title
 *fill*         0x0010210c        0x4 
 .text.update_menu_gamemode
                0x00102110      0x214 main.o
                0x00102110                update_menu_gamemode
 .text.startup.main
                0x00102324      0x258 main.o
                0x00102324                main
 .text.C2Di_FrameEndHook
                0x0010257c       0x44 D:/devkitPro/libctru/lib\libcitro2d.a(base.o)
 .text.C2D_Init
                0x001025c0      0x36c D:/devkitPro/libctru/lib\libcitro2d.a(base.o)
                0x001025c0                C2D_Init
 .text.C2D_Prepare
                0x0010292c       0xb8 D:/devkitPro/libctru/lib\libcitro2d.a(base.o)
                0x0010292c                C2D_Prepare
 .text.C2D_Flush
                0x001029e4       0x48 D:/devkitPro/libctru/lib\libcitro2d.a(base.o)
                0x001029e4                C2D_Flush
 .text.C2D_SceneSize
                0x00102a2c      0x104 D:/devkitPro/libctru/lib\libcitro2d.a(base.o)
                0x00102a2c                C2D_SceneSize
 .text.C2D_CreateScreenTarget
                0x00102b30       0x58 D:/devkitPro/libctru/lib\libcitro2d.a(base.o)
                0x00102b30                C2D_CreateScreenTarget
 .text.C2D_TargetClear
                0x00102b88       0x64 D:/devkitPro/libctru/lib\libcitro2d.a(base.o)
                0x00102b88                C2D_TargetClear
 .text.C2D_Fade
                0x00102bec       0x20 D:/devkitPro/libctru/lib\libcitro2d.a(base.o)
                0x00102bec                C2D_Fade
 .text.C2Di_CalcQuad
                0x00102c0c      0x13c D:/devkitPro/libctru/lib\libcitro2d.a(base.o)
                0x00102c0c                C2Di_CalcQuad
 .text.C2Di_AppendQuad
                0x00102d48       0x58 D:/devkitPro/libctru/lib\libcitro2d.a(base.o)
                0x00102d48                C2Di_AppendQuad
 .text.C2Di_Update
                0x00102da0      0x550 D:/devkitPro/libctru/lib\libcitro2d.a(base.o)
                0x00102da0                C2Di_Update
 .text.C2D_DrawImage
                0x001032f0      0x2b0 D:/devkitPro/libctru/lib\libcitro2d.a(base.o)
                0x001032f0                C2D_DrawImage
 .text.C2D_SpriteSheetLoadFromHandle
                0x001035a0       0x6c D:/devkitPro/libctru/lib\libcitro2d.a(spritesheet.o)
                0x001035a0                C2D_SpriteSheetLoadFromHandle
 .text.C2D_SpriteSheetLoad
                0x0010360c       0x48 D:/devkitPro/libctru/lib\libcitro2d.a(spritesheet.o)
                0x0010360c                C2D_SpriteSheetLoad
 .text.C2D_SpriteSheetGetImage
                0x00103654       0x2c D:/devkitPro/libctru/lib\libcitro2d.a(spritesheet.o)
                0x00103654                C2D_SpriteSheetGetImage
 .text.AttrInfo_Init
                0x00103680       0x28 D:/devkitPro/libctru/lib\libcitro3d.a(attribs.o)
                0x00103680                AttrInfo_Init
 .text.AttrInfo_AddLoader
                0x001036a8       0x94 D:/devkitPro/libctru/lib\libcitro3d.a(attribs.o)
                0x001036a8                AttrInfo_AddLoader
 .text.C3D_SetAttrInfo
                0x0010373c       0x54 D:/devkitPro/libctru/lib\libcitro3d.a(attribs.o)
                0x0010373c                C3D_SetAttrInfo
 .text.C3Di_AttrInfoBind
                0x00103790       0x80 D:/devkitPro/libctru/lib\libcitro3d.a(attribs.o)
                0x00103790                C3Di_AttrInfoBind
 .text.C3Di_LightEnvUpdate
                0x00103810        0x4 D:/devkitPro/libctru/lib\libcitro3d.a(base.o)
                0x00103810                C3Di_LightEnvUpdate
 .text.C3Di_LightEnvDirty
                0x00103814        0x4 D:/devkitPro/libctru/lib\libcitro3d.a(base.o)
                0x00103814                C3Di_LightEnvDirty
 .text.C3Di_AptEventHook
                0x00103818       0xb4 D:/devkitPro/libctru/lib\libcitro3d.a(base.o)
 .text.C3Di_GasUpdate
                0x001038cc        0x4 D:/devkitPro/libctru/lib\libcitro3d.a(base.o)
                0x001038cc                C3Di_GasUpdate
 .text.C3D_Init
                0x001038d0      0x1d0 D:/devkitPro/libctru/lib\libcitro3d.a(base.o)
                0x001038d0                C3D_Init
 .text.C3D_SetViewport
                0x00103aa0       0x98 D:/devkitPro/libctru/lib\libcitro3d.a(base.o)
                0x00103aa0                C3D_SetViewport
 .text.C3Di_UpdateContext
                0x00103b38      0x4e8 D:/devkitPro/libctru/lib\libcitro3d.a(base.o)
                0x00103b38                C3Di_UpdateContext
 .text.C3Di_SplitFrame
                0x00104020       0xe0 D:/devkitPro/libctru/lib\libcitro3d.a(base.o)
                0x00104020                C3Di_SplitFrame
 .text.C3D_BindProgram
                0x00104100      0x194 D:/devkitPro/libctru/lib\libcitro3d.a(base.o)
                0x00104100                C3D_BindProgram
 .text.BufInfo_Init
                0x00104294       0x24 D:/devkitPro/libctru/lib\libcitro3d.a(buffers.o)
                0x00104294                BufInfo_Init
 .text.BufInfo_Add
                0x001042b8       0x80 D:/devkitPro/libctru/lib\libcitro3d.a(buffers.o)
                0x001042b8                BufInfo_Add
 .text.C3D_SetBufInfo
                0x00104338       0x3c D:/devkitPro/libctru/lib\libcitro3d.a(buffers.o)
                0x00104338                C3D_SetBufInfo
 .text.C3Di_BufInfoBind
                0x00104374       0x48 D:/devkitPro/libctru/lib\libcitro3d.a(buffers.o)
                0x00104374                C3Di_BufInfoBind
 .text.C3D_DrawElements
                0x001043bc      0x21c D:/devkitPro/libctru/lib\libcitro3d.a(drawElements.o)
                0x001043bc                C3D_DrawElements
 .text.C3D_DepthMap
                0x001045d8       0x40 D:/devkitPro/libctru/lib\libcitro3d.a(effect.o)
                0x001045d8                C3D_DepthMap
 .text.C3D_CullFace
                0x00104618       0x1c D:/devkitPro/libctru/lib\libcitro3d.a(effect.o)
                0x00104618                C3D_CullFace
 .text.C3D_StencilTest
                0x00104634       0x40 D:/devkitPro/libctru/lib\libcitro3d.a(effect.o)
                0x00104634                C3D_StencilTest
 .text.C3D_StencilOp
                0x00104674       0x24 D:/devkitPro/libctru/lib\libcitro3d.a(effect.o)
                0x00104674                C3D_StencilOp
 .text.C3D_BlendingColor
                0x00104698       0x1c D:/devkitPro/libctru/lib\libcitro3d.a(effect.o)
                0x00104698                C3D_BlendingColor
 .text.C3D_EarlyDepthTest
                0x001046b4       0x24 D:/devkitPro/libctru/lib\libcitro3d.a(effect.o)
                0x001046b4                C3D_EarlyDepthTest
 .text.C3D_DepthTest
                0x001046d8       0x2c D:/devkitPro/libctru/lib\libcitro3d.a(effect.o)
                0x001046d8                C3D_DepthTest
 .text.C3D_AlphaTest
                0x00104704       0x2c D:/devkitPro/libctru/lib\libcitro3d.a(effect.o)
                0x00104704                C3D_AlphaTest
 .text.C3D_AlphaBlend
                0x00104730       0x50 D:/devkitPro/libctru/lib\libcitro3d.a(effect.o)
                0x00104730                C3D_AlphaBlend
 .text.C3D_FragOpMode
                0x00104780       0x30 D:/devkitPro/libctru/lib\libcitro3d.a(effect.o)
                0x00104780                C3D_FragOpMode
 .text.C3D_FragOpShadow
                0x001047b0       0x44 D:/devkitPro/libctru/lib\libcitro3d.a(effect.o)
                0x001047b0                C3D_FragOpShadow
 .text.C3Di_EffectBind
                0x001047f4      0x1ac D:/devkitPro/libctru/lib\libcitro3d.a(effect.o)
                0x001047f4                C3Di_EffectBind
 .text.C3D_CalcColorBufSize
                0x001049a0       0x1c D:/devkitPro/libctru/lib\libcitro3d.a(framebuffer.o)
                0x001049a0                C3D_CalcColorBufSize
 .text.C3D_CalcDepthBufSize
                0x001049bc       0x1c D:/devkitPro/libctru/lib\libcitro3d.a(framebuffer.o)
                0x001049bc                C3D_CalcDepthBufSize
 .text.C3D_SetFrameBuf
                0x001049d8       0x44 D:/devkitPro/libctru/lib\libcitro3d.a(framebuffer.o)
                0x001049d8                C3D_SetFrameBuf
 .text.C3Di_FrameBufBind
                0x00104a1c      0x16c D:/devkitPro/libctru/lib\libcitro3d.a(framebuffer.o)
                0x00104a1c                C3Di_FrameBufBind
 .text.C3D_FrameBufClear
                0x00104b88       0xc8 D:/devkitPro/libctru/lib\libcitro3d.a(framebuffer.o)
                0x00104b88                C3D_FrameBufClear
 .text.C3D_FrameBufTransfer
                0x00104c50       0x44 D:/devkitPro/libctru/lib\libcitro3d.a(framebuffer.o)
                0x00104c50                C3D_FrameBufTransfer
 .text.C3D_ImmSendAttrib
                0x00104c94       0xa8 D:/devkitPro/libctru/lib\libcitro3d.a(immediate.o)
                0x00104c94                C3D_ImmSendAttrib
 .text.C3D_ProcTexInit
                0x00104d3c       0x70 D:/devkitPro/libctru/lib\libcitro3d.a(proctex.o)
                0x00104d3c                C3D_ProcTexInit
 .text.C3D_ProcTexBind
                0x00104dac       0x54 D:/devkitPro/libctru/lib\libcitro3d.a(proctex.o)
                0x00104dac                C3D_ProcTexBind
 .text.C3D_ProcTexLutBind
                0x00104e00       0x5c D:/devkitPro/libctru/lib\libcitro3d.a(proctex.o)
                0x00104e00                C3D_ProcTexLutBind
 .text.ProcTexLut_FromArray
                0x00104e5c       0xa4 D:/devkitPro/libctru/lib\libcitro3d.a(proctex.o)
                0x00104e5c                ProcTexLut_FromArray
 .text.C3Di_ProcTexUpdate
                0x00104f00      0x178 D:/devkitPro/libctru/lib\libcitro3d.a(proctex.o)
                0x00104f00                C3Di_ProcTexUpdate
 .text.C3Di_ProcTexDirty
                0x00105078       0x68 D:/devkitPro/libctru/lib\libcitro3d.a(proctex.o)
                0x00105078                C3Di_ProcTexDirty
 .text.onVBlank0
                0x001050e0       0x4c D:/devkitPro/libctru/lib\libcitro3d.a(renderqueue.o)
 .text.onVBlank1
                0x0010512c       0x4c D:/devkitPro/libctru/lib\libcitro3d.a(renderqueue.o)
 .text.onQueueFinish
                0x00105178       0xf4 D:/devkitPro/libctru/lib\libcitro3d.a(renderqueue.o)
 .text.C3Di_RenderQueueEnableVBlank
                0x0010526c       0x38 D:/devkitPro/libctru/lib\libcitro3d.a(renderqueue.o)
                0x0010526c                C3Di_RenderQueueEnableVBlank
 .text.C3Di_RenderQueueDisableVBlank
                0x001052a4       0x30 D:/devkitPro/libctru/lib\libcitro3d.a(renderqueue.o)
                0x001052a4                C3Di_RenderQueueDisableVBlank
 .text.C3Di_RenderQueueInit
                0x001052d4       0x60 D:/devkitPro/libctru/lib\libcitro3d.a(renderqueue.o)
                0x001052d4                C3Di_RenderQueueInit
 .text.C3Di_RenderQueueWaitDone
                0x00105334       0x34 D:/devkitPro/libctru/lib\libcitro3d.a(renderqueue.o)
                0x00105334                C3Di_RenderQueueWaitDone
 .text.C3D_FrameBegin
                0x00105368       0xe8 D:/devkitPro/libctru/lib\libcitro3d.a(renderqueue.o)
                0x00105368                C3D_FrameBegin
 .text.C3D_FrameDrawOn
                0x00105450       0x48 D:/devkitPro/libctru/lib\libcitro3d.a(renderqueue.o)
                0x00105450                C3D_FrameDrawOn
 .text.C3D_FrameSplit
                0x00105498       0x58 D:/devkitPro/libctru/lib\libcitro3d.a(renderqueue.o)
                0x00105498                C3D_FrameSplit
 .text.C3D_FrameEnd
                0x001054f0      0x1d0 D:/devkitPro/libctru/lib\libcitro3d.a(renderqueue.o)
                0x001054f0                C3D_FrameEnd
 .text.C3D_FrameEndHook
                0x001056c0       0x1c D:/devkitPro/libctru/lib\libcitro3d.a(renderqueue.o)
                0x001056c0                C3D_FrameEndHook
 .text.C3D_RenderTargetCreate
                0x001056dc      0x170 D:/devkitPro/libctru/lib\libcitro3d.a(renderqueue.o)
                0x001056dc                C3D_RenderTargetCreate
 .text.C3D_RenderTargetSetOutput
                0x0010584c       0xa8 D:/devkitPro/libctru/lib\libcitro3d.a(renderqueue.o)
                0x0010584c                C3D_RenderTargetSetOutput
 .text.C3D_SyncTextureCopy
                0x001058f4       0xfc D:/devkitPro/libctru/lib\libcitro3d.a(renderqueue.o)
                0x001058f4                C3D_SyncTextureCopy
 .text.Tex3DSi_ImportCommon
                0x001059f0      0x3d8 D:/devkitPro/libctru/lib\libcitro3d.a(tex3ds.o)
 .text.Tex3DS_TextureImportStdio
                0x00105dc8       0x38 D:/devkitPro/libctru/lib\libcitro3d.a(tex3ds.o)
                0x00105dc8                Tex3DS_TextureImportStdio
 .text.Tex3DS_GetSubTexture
                0x00105e00       0x1c D:/devkitPro/libctru/lib\libcitro3d.a(tex3ds.o)
                0x00105e00                Tex3DS_GetSubTexture
 .text.C3D_GetTexEnv
                0x00105e1c       0x34 D:/devkitPro/libctru/lib\libcitro3d.a(texenv.o)
                0x00105e1c                C3D_GetTexEnv
 .text.C3Di_TexEnvBind
                0x00105e50       0x24 D:/devkitPro/libctru/lib\libcitro3d.a(texenv.o)
                0x00105e50                C3Di_TexEnvBind
 .text.C3D_TexInitWithParams
                0x00105e74      0x290 D:/devkitPro/libctru/lib\libcitro3d.a(texture.o)
                0x00105e74                C3D_TexInitWithParams
 .text.C3D_TexLoadImage
                0x00106104       0xc8 D:/devkitPro/libctru/lib\libcitro3d.a(texture.o)
                0x00106104                C3D_TexLoadImage
 .text.C3D_TexBind
                0x001061cc       0x44 D:/devkitPro/libctru/lib\libcitro3d.a(texture.o)
                0x001061cc                C3D_TexBind
 .text.C3D_TexDelete
                0x00106210       0x74 D:/devkitPro/libctru/lib\libcitro3d.a(texture.o)
                0x00106210                C3D_TexDelete
 .text.C3Di_SetTex
                0x00106284      0x14c D:/devkitPro/libctru/lib\libcitro3d.a(texture.o)
                0x00106284                C3Di_SetTex
 .text.C3D_UpdateUniforms
                0x001063d0      0x290 D:/devkitPro/libctru/lib\libcitro3d.a(uniforms.o)
                0x001063d0                C3D_UpdateUniforms
 .text.C3Di_DirtyUniforms
                0x00106660       0xc0 D:/devkitPro/libctru/lib\libcitro3d.a(uniforms.o)
                0x00106660                C3Di_DirtyUniforms
 .text.C3Di_LoadShaderUniforms
                0x00106720       0xd8 D:/devkitPro/libctru/lib\libcitro3d.a(uniforms.o)
                0x00106720                C3Di_LoadShaderUniforms
 .text.C3Di_ClearShaderUniforms
                0x001067f8       0x28 D:/devkitPro/libctru/lib\libcitro3d.a(uniforms.o)
                0x001067f8                C3Di_ClearShaderUniforms
 .text.Mtx_Ortho
                0x00106820       0xcc D:/devkitPro/libctru/lib\libcitro3d.a(mtx_ortho.o)
                0x00106820                Mtx_Ortho
 .text.Mtx_OrthoTilt
                0x001068ec       0xcc D:/devkitPro/libctru/lib\libcitro3d.a(mtx_orthotilt.o)
                0x001068ec                Mtx_OrthoTilt
 .text._ZL21addrMapNodeComparatorPK11rbtree_nodeS1_
                0x001069b8       0x24 D:/devkitPro/libctru/lib\libctru.a(linear.o)
 .text._ZL21addrMapNodeDestructorP11rbtree_node
                0x001069dc        0x4 D:/devkitPro/libctru/lib\libctru.a(linear.o)
 .text.linearMemAlign
                0x001069e0      0x12c D:/devkitPro/libctru/lib\libctru.a(linear.o)
                0x001069e0                linearMemAlign
 .text.linearAlloc
                0x00106b0c        0x8 D:/devkitPro/libctru/lib\libctru.a(linear.o)
                0x00106b0c                linearAlloc
 .text.linearFree
                0x00106b14       0x5c D:/devkitPro/libctru/lib\libctru.a(linear.o)
                0x00106b14                linearFree
 .text._ZN7MemPool13CoalesceRightEP8MemBlock
                0x00106b70       0x88 D:/devkitPro/libctru/lib\libctru.a(mem_pool.o)
                0x00106b70                MemPool::CoalesceRight(MemBlock*)
 .text._ZN7MemPool8AllocateER8MemChunkmi
                0x00106bf8      0x178 D:/devkitPro/libctru/lib\libctru.a(mem_pool.o)
                0x00106bf8                MemPool::Allocate(MemChunk&, unsigned long, int)
 .text._ZN7MemPool10DeallocateERK8MemChunk
                0x00106d70      0x118 D:/devkitPro/libctru/lib\libctru.a(mem_pool.o)
                0x00106d70                MemPool::Deallocate(MemChunk const&)
 .text._ZN7MemPool12GetFreeSpaceEv
                0x00106e88       0x30 D:/devkitPro/libctru/lib\libctru.a(mem_pool.o)
                0x00106e88                MemPool::GetFreeSpace()
 .text._ZL21addrMapNodeComparatorPK11rbtree_nodeS1_
                0x00106eb8       0x24 D:/devkitPro/libctru/lib\libctru.a(vram.o)
 .text._ZL21addrMapNodeDestructorP11rbtree_node
                0x00106edc        0x4 D:/devkitPro/libctru/lib\libctru.a(vram.o)
 .text.vramMemAlignAt
                0x00106ee0      0x248 D:/devkitPro/libctru/lib\libctru.a(vram.o)
                0x00106ee0                vramMemAlignAt
 .text.vramAlloc
                0x00107128        0xc D:/devkitPro/libctru/lib\libctru.a(vram.o)
                0x00107128                vramAlloc
 .text.vramAllocAt
                0x00107134        0xc D:/devkitPro/libctru/lib\libctru.a(vram.o)
                0x00107134                vramAllocAt
 .text.vramFree
                0x00107140       0x94 D:/devkitPro/libctru/lib\libctru.a(vram.o)
                0x00107140                vramFree
 .text.gfxPresentFramebuffer
                0x001071d4       0xcc D:/devkitPro/libctru/lib\libctru.a(gfx.o)
 .text.gfxIsWide
                0x001072a0       0x1c D:/devkitPro/libctru/lib\libctru.a(gfx.o)
                0x001072a0                gfxIsWide
 .text.gfxSetScreenFormat
                0x001072bc       0xf8 D:/devkitPro/libctru/lib\libctru.a(gfx.o)
                0x001072bc                gfxSetScreenFormat
 .text.gfxInit  0x001073b4       0xd8 D:/devkitPro/libctru/lib\libctru.a(gfx.o)
                0x001073b4                gfxInit
 .text.gfxInitDefault
                0x0010748c       0x10 D:/devkitPro/libctru/lib\libctru.a(gfx.o)
                0x0010748c                gfxInitDefault
 .text.gfxExit  0x0010749c       0xb8 D:/devkitPro/libctru/lib\libctru.a(gfx.o)
                0x0010749c                gfxExit
 .text.gfxGetFramebuffer
                0x00107554       0xa0 D:/devkitPro/libctru/lib\libctru.a(gfx.o)
                0x00107554                gfxGetFramebuffer
 .text.gfxScreenSwapBuffers
                0x001075f4       0x28 D:/devkitPro/libctru/lib\libctru.a(gfx.o)
                0x001075f4                gfxScreenSwapBuffers
 .text.osConvertVirtToPhys
                0x0010761c       0x74 D:/devkitPro/libctru/lib\libctru.a(os.o)
                0x0010761c                osConvertVirtToPhys
 .text.osGetTimeRef
                0x00107690       0x54 D:/devkitPro/libctru/lib\libctru.a(os.o)
                0x00107690                osGetTimeRef
 .text.osGetTime
                0x001076e4       0xec D:/devkitPro/libctru/lib\libctru.a(os.o)
                0x001076e4                osGetTime
 .text.__ctru_speedup_config
                0x001077d0       0x34 D:/devkitPro/libctru/lib\libctru.a(os.o)
                0x001077d0                __ctru_speedup_config
 .text.romfs_close
                0x00107804        0x8 D:/devkitPro/libctru/lib\libctru.a(romfs_dev.o)
 .text.romfs_seek
                0x0010780c       0xac D:/devkitPro/libctru/lib\libctru.a(romfs_dev.o)
 .text.romfs_dirreset
                0x001078b8       0x24 D:/devkitPro/libctru/lib\libctru.a(romfs_dev.o)
 .text.fill_dir
                0x001078dc       0xc0 D:/devkitPro/libctru/lib\libctru.a(romfs_dev.o)
 .text.romfs_dirnext
                0x0010799c      0x2ac D:/devkitPro/libctru/lib\libctru.a(romfs_dev.o)
 .text.romfs_free
                0x00107c48       0x74 D:/devkitPro/libctru/lib\libctru.a(romfs_dev.o)
 .text.searchForFile.constprop.0
                0x00107cbc       0xd0 D:/devkitPro/libctru/lib\libctru.a(romfs_dev.o)
 .text.searchForDir.constprop.0
                0x00107d8c       0xd4 D:/devkitPro/libctru/lib\libctru.a(romfs_dev.o)
 .text.navigateToDir.constprop.0
                0x00107e60      0x1c0 D:/devkitPro/libctru/lib\libctru.a(romfs_dev.o)
 .text.romfs_open
                0x00108020      0x114 D:/devkitPro/libctru/lib\libctru.a(romfs_dev.o)
 .text.romfs_chdir
                0x00108134       0x4c D:/devkitPro/libctru/lib\libctru.a(romfs_dev.o)
 .text.romfs_diropen
                0x00108180       0x68 D:/devkitPro/libctru/lib\libctru.a(romfs_dev.o)
 .text.romfs_stat
                0x001081e8      0x178 D:/devkitPro/libctru/lib\libctru.a(romfs_dev.o)
 .text.romfs_dirclose
                0x00108360        0x8 D:/devkitPro/libctru/lib\libctru.a(romfs_dev.o)
 .text.romfs_fstat
                0x00108368       0x7c D:/devkitPro/libctru/lib\libctru.a(romfs_dev.o)
 .text.romfs_read
                0x001083e4       0xd0 D:/devkitPro/libctru/lib\libctru.a(romfs_dev.o)
 .text.romfsMountFromFile
                0x001084b4      0x28c D:/devkitPro/libctru/lib\libctru.a(romfs_dev.o)
                0x001084b4                romfsMountFromFile
 .text.romfsMountFromCurrentProcess
                0x00108740       0x98 D:/devkitPro/libctru/lib\libctru.a(romfs_dev.o)
                0x00108740                romfsMountFromCurrentProcess
 .text.romfsMountSelf
                0x001087d8      0x258 D:/devkitPro/libctru/lib\libctru.a(romfs_dev.o)
                0x001087d8                romfsMountSelf
 .text.romfsUnmount
                0x00108a30       0xa0 D:/devkitPro/libctru/lib\libctru.a(romfs_dev.o)
                0x00108a30                romfsUnmount
 .text.__sync_init
                0x00108ad0        0xc D:/devkitPro/libctru/lib\libctru.a(synchronization.o)
                0x00108ad0                __sync_init
 .text.__sync_fini
                0x00108adc       0x18 D:/devkitPro/libctru/lib\libctru.a(synchronization.o)
                0x00108adc                __sync_fini
 .text.syncArbitrateAddress
                0x00108af4       0x28 D:/devkitPro/libctru/lib\libctru.a(synchronization.o)
                0x00108af4                syncArbitrateAddress
 .text.LightLock_Init
                0x00108b1c       0x1c D:/devkitPro/libctru/lib\libctru.a(synchronization.o)
                0x00108b1c                LightLock_Init
 .text.LightLock_Lock
                0x00108b38       0xac D:/devkitPro/libctru/lib\libctru.a(synchronization.o)
                0x00108b38                LightLock_Lock
 .text.LightLock_Unlock
                0x00108be4       0x40 D:/devkitPro/libctru/lib\libctru.a(synchronization.o)
                0x00108be4                LightLock_Unlock
 .text.RecursiveLock_Lock
                0x00108c24       0x54 D:/devkitPro/libctru/lib\libctru.a(synchronization.o)
                0x00108c24                RecursiveLock_Lock
 .text.RecursiveLock_Unlock
                0x00108c78       0x54 D:/devkitPro/libctru/lib\libctru.a(synchronization.o)
                0x00108c78                RecursiveLock_Unlock
 .text.LightEvent_Init
                0x00108ccc       0x44 D:/devkitPro/libctru/lib\libctru.a(synchronization.o)
                0x00108ccc                LightEvent_Init
 .text.LightEvent_Clear
                0x00108d10       0xb8 D:/devkitPro/libctru/lib\libctru.a(synchronization.o)
                0x00108d10                LightEvent_Clear
 .text.LightEvent_Signal
                0x00108dc8       0xdc D:/devkitPro/libctru/lib\libctru.a(synchronization.o)
                0x00108dc8                LightEvent_Signal
 .text.LightEvent_TryWait
                0x00108ea4       0x50 D:/devkitPro/libctru/lib\libctru.a(synchronization.o)
                0x00108ea4                LightEvent_TryWait
 .text.LightEvent_Wait
                0x00108ef4       0xac D:/devkitPro/libctru/lib\libctru.a(synchronization.o)
                0x00108ef4                LightEvent_Wait
 .text.threadCreate
                0x00108fa0      0x1fc D:/devkitPro/libctru/lib\libctru.a(thread.o)
                0x00108fa0                threadCreate
 .text.threadFree
                0x0010919c       0x38 D:/devkitPro/libctru/lib\libctru.a(thread.o)
                0x0010919c                threadFree
 .text.threadJoin
                0x001091d4       0x24 D:/devkitPro/libctru/lib\libctru.a(thread.o)
                0x001091d4                threadJoin
 .text.threadGetCurrent
                0x001091f8       0x30 D:/devkitPro/libctru/lib\libctru.a(thread.o)
                0x001091f8                threadGetCurrent
 .text.threadExit
                0x00109228       0x40 D:/devkitPro/libctru/lib\libctru.a(thread.o)
                0x00109228                threadExit
 .text._thread_begin
                0x00109268       0x20 D:/devkitPro/libctru/lib\libctru.a(thread.o)
 .text.GPUCMD_Add
                0x00109288      0x13c D:/devkitPro/libctru/lib\libctru.a(gpu.o)
                0x00109288                GPUCMD_Add
 .text.GPUCMD_Split
                0x001093c4       0xb0 D:/devkitPro/libctru/lib\libctru.a(gpu.o)
                0x001093c4                GPUCMD_Split
 .text.f32tof16
                0x00109474       0x34 D:/devkitPro/libctru/lib\libctru.a(gpu.o)
                0x00109474                f32tof16
 .text.f32tof24
                0x001094a8       0x34 D:/devkitPro/libctru/lib\libctru.a(gpu.o)
                0x001094a8                f32tof24
 .text.f32tof31
                0x001094dc       0x38 D:/devkitPro/libctru/lib\libctru.a(gpu.o)
                0x001094dc                f32tof31
 .text.GX_BindQueue
                0x00109514       0x10 D:/devkitPro/libctru/lib\libctru.a(gx.o)
                0x00109514                GX_BindQueue
 .text.GX_ProcessCommandList
                0x00109524       0x7c D:/devkitPro/libctru/lib\libctru.a(gx.o)
                0x00109524                GX_ProcessCommandList
 .text.GX_MemoryFill
                0x001095a0       0x74 D:/devkitPro/libctru/lib\libctru.a(gx.o)
                0x001095a0                GX_MemoryFill
 .text.GX_DisplayTransfer
                0x00109614       0x74 D:/devkitPro/libctru/lib\libctru.a(gx.o)
                0x00109614                GX_DisplayTransfer
 .text.GX_TextureCopy
                0x00109688       0x78 D:/devkitPro/libctru/lib\libctru.a(gx.o)
                0x00109688                GX_TextureCopy
 .text.gxCmdQueueDoCommands.part.0
                0x00109700       0x64 D:/devkitPro/libctru/lib\libctru.a(gxqueue.o)
 .text.gxCmdQueueInterrupt
                0x00109764       0xe4 D:/devkitPro/libctru/lib\libctru.a(gxqueue.o)
                0x00109764                gxCmdQueueInterrupt
 .text.gxCmdQueueClear
                0x00109848       0x68 D:/devkitPro/libctru/lib\libctru.a(gxqueue.o)
                0x00109848                gxCmdQueueClear
 .text.gxCmdQueueAdd
                0x001098b0      0x108 D:/devkitPro/libctru/lib\libctru.a(gxqueue.o)
                0x001098b0                gxCmdQueueAdd
 .text.gxCmdQueueRun
                0x001099b8       0x80 D:/devkitPro/libctru/lib\libctru.a(gxqueue.o)
                0x001099b8                gxCmdQueueRun
 .text.gxCmdQueueStop
                0x00109a38       0x64 D:/devkitPro/libctru/lib\libctru.a(gxqueue.o)
                0x00109a38                gxCmdQueueStop
 .text.gxCmdQueueWait
                0x00109a9c       0x8c D:/devkitPro/libctru/lib\libctru.a(gxqueue.o)
                0x00109a9c                gxCmdQueueWait
 .text.shaderInstanceInit
                0x00109b28      0x1e0 D:/devkitPro/libctru/lib\libctru.a(shaderProgram.o)
                0x00109b28                shaderInstanceInit
 .text.shaderInstanceGetUniformLocation
                0x00109d08       0x18 D:/devkitPro/libctru/lib\libctru.a(shaderProgram.o)
                0x00109d08                shaderInstanceGetUniformLocation
 .text.shaderProgramInit
                0x00109d20       0x1c D:/devkitPro/libctru/lib\libctru.a(shaderProgram.o)
                0x00109d20                shaderProgramInit
 .text.shaderProgramSetVsh
                0x00109d3c       0x94 D:/devkitPro/libctru/lib\libctru.a(shaderProgram.o)
                0x00109d3c                shaderProgramSetVsh
 .text.shaderProgramConfigure
                0x00109dd0      0x8d0 D:/devkitPro/libctru/lib\libctru.a(shaderProgram.o)
                0x00109dd0                shaderProgramConfigure
 .text.DVLE_GenerateOutmap.part.0
                0x0010a6a0      0x1dc D:/devkitPro/libctru/lib\libctru.a(shbin.o)
 .text.DVLB_ParseFile
                0x0010a87c      0x1ac D:/devkitPro/libctru/lib\libctru.a(shbin.o)
                0x0010a87c                DVLB_ParseFile
 .text.DVLE_GetUniformRegister
                0x0010aa28       0x74 D:/devkitPro/libctru/lib\libctru.a(shbin.o)
                0x0010aa28                DVLE_GetUniformRegister
 .text.ndspUpdateMaster
                0x0010aa9c      0x158 D:/devkitPro/libctru/lib\libctru.a(ndsp.o)
 *fill*         0x0010abf4        0x4 
 .text.ndspFinalize
                0x0010abf8      0x108 D:/devkitPro/libctru/lib\libctru.a(ndsp.o)
 .text.ndspInitialize.part.0
                0x0010ad00      0x254 D:/devkitPro/libctru/lib\libctru.a(ndsp.o)
 .text.ndspHookCallback
                0x0010af54      0x108 D:/devkitPro/libctru/lib\libctru.a(ndsp.o)
 *fill*         0x0010b05c        0x4 
 .text.ndspThreadMain
                0x0010b060      0x318 D:/devkitPro/libctru/lib\libctru.a(ndsp.o)
 .text.ndspInit
                0x0010b378      0x3f0 D:/devkitPro/libctru/lib\libctru.a(ndsp.o)
                0x0010b378                ndspInit
 .text.ndspExit
                0x0010b768       0xd8 D:/devkitPro/libctru/lib\libctru.a(ndsp.o)
                0x0010b768                ndspExit
 .text.ndspSetOutputMode
                0x0010b840       0x34 D:/devkitPro/libctru/lib\libctru.a(ndsp.o)
                0x0010b840                ndspSetOutputMode
 .text.ndspSetCallback
                0x0010b874       0x10 D:/devkitPro/libctru/lib\libctru.a(ndsp.o)
                0x0010b874                ndspSetCallback
 .text.ndspChnReset
                0x0010b884       0xe0 D:/devkitPro/libctru/lib\libctru.a(ndsp-channel.o)
                0x0010b884                ndspChnReset
 .text.ndspChnSetFormat
                0x0010b964       0x18 D:/devkitPro/libctru/lib\libctru.a(ndsp-channel.o)
                0x0010b964                ndspChnSetFormat
 .text.ndspChnSetInterp
                0x0010b97c       0x50 D:/devkitPro/libctru/lib\libctru.a(ndsp-channel.o)
                0x0010b97c                ndspChnSetInterp
 .text.ndspChnSetRate
                0x0010b9cc       0x60 D:/devkitPro/libctru/lib\libctru.a(ndsp-channel.o)
                0x0010b9cc                ndspChnSetRate
 .text.ndspChnWaveBufAdd
                0x0010ba2c       0xc8 D:/devkitPro/libctru/lib\libctru.a(ndsp-channel.o)
                0x0010ba2c                ndspChnWaveBufAdd
 .text.ndspiInitChn
                0x0010baf4       0x40 D:/devkitPro/libctru/lib\libctru.a(ndsp-channel.o)
                0x0010baf4                ndspiInitChn
 .text.ndspiDirtyChn
                0x0010bb34       0x2c D:/devkitPro/libctru/lib\libctru.a(ndsp-channel.o)
                0x0010bb34                ndspiDirtyChn
 .text.ndspiUpdateChn
                0x0010bb60      0x43c D:/devkitPro/libctru/lib\libctru.a(ndsp-channel.o)
                0x0010bb60                ndspiUpdateChn
 .text.ndspiReadChnState
                0x0010bf9c      0x180 D:/devkitPro/libctru/lib\libctru.a(ndsp-channel.o)
                0x0010bf9c                ndspiReadChnState
 .text.aptConvertScreenForCapture
                0x0010c11c      0x180 D:/devkitPro/libctru/lib\libctru.a(apt.o)
 .text.aptSendCommand
                0x0010c29c      0x138 D:/devkitPro/libctru/lib\libctru.a(apt.o)
                0x0010c29c                aptSendCommand
 *fill*         0x0010c3d4        0x4 
 .text.aptExitProcess
                0x0010c3d8       0x44 D:/devkitPro/libctru/lib\libctru.a(apt.o)
 .text.aptExit  0x0010c41c      0x394 D:/devkitPro/libctru/lib\libctru.a(apt.o)
                0x0010c41c                aptExit
 .text.aptHandleSleep
                0x0010c7b0       0xd8 D:/devkitPro/libctru/lib\libctru.a(apt.o)
                0x0010c7b0                aptHandleSleep
 .text.aptHook  0x0010c888       0x34 D:/devkitPro/libctru/lib\libctru.a(apt.o)
                0x0010c888                aptHook
 .text.APT_SleepIfShellClosed
                0x0010c8bc       0x84 D:/devkitPro/libctru/lib\libctru.a(apt.o)
                0x0010c8bc                APT_SleepIfShellClosed
 .text.aptSetSleepAllowed
                0x0010c940       0x78 D:/devkitPro/libctru/lib\libctru.a(apt.o)
                0x0010c940                aptSetSleepAllowed
 .text.APT_UnlockTransition
                0x0010c9b8       0x84 D:/devkitPro/libctru/lib\libctru.a(apt.o)
                0x0010c9b8                APT_UnlockTransition
 *fill*         0x0010ca3c        0x4 
 .text.aptEventHandler
                0x0010ca40      0x470 D:/devkitPro/libctru/lib\libctru.a(apt.o)
 .text.APT_ReceiveParameter
                0x0010ceb0       0xbc D:/devkitPro/libctru/lib\libctru.a(apt.o)
                0x0010ceb0                APT_ReceiveParameter
 .text.aptReceiveParameter.constprop.0
                0x0010cf6c       0xb0 D:/devkitPro/libctru/lib\libctru.a(apt.o)
 *fill*         0x0010d01c        0x4 
 .text.aptScreenTransfer
                0x0010d020      0x294 D:/devkitPro/libctru/lib\libctru.a(apt.o)
 .text.aptWaitForWakeUp.isra.0
                0x0010d2b4      0x2d0 D:/devkitPro/libctru/lib\libctru.a(apt.o)
 .text.aptJumpToHomeMenu
                0x0010d584       0xf4 D:/devkitPro/libctru/lib\libctru.a(apt.o)
                0x0010d584                aptJumpToHomeMenu
 .text.aptMainLoop
                0x0010d678       0x58 D:/devkitPro/libctru/lib\libctru.a(apt.o)
                0x0010d678                aptMainLoop
 .text.aptInit  0x0010d6d0      0x240 D:/devkitPro/libctru/lib\libctru.a(apt.o)
                0x0010d6d0                aptInit
 .text.APT_CheckNew3DS
                0x0010d910       0x90 D:/devkitPro/libctru/lib\libctru.a(apt.o)
                0x0010d910                APT_CheckNew3DS
 .text.cfguInit
                0x0010d9a0       0xa8 D:/devkitPro/libctru/lib\libctru.a(cfgu.o)
                0x0010d9a0                cfguInit
 .text.cfguExit
                0x0010da48       0x3c D:/devkitPro/libctru/lib\libctru.a(cfgu.o)
                0x0010da48                cfguExit
 .text.CFGU_IsNFCSupported
                0x0010da84       0x44 D:/devkitPro/libctru/lib\libctru.a(cfgu.o)
                0x0010da84                CFGU_IsNFCSupported
 .text.CFGU_GetConfigInfoBlk2
                0x0010dac8       0x4c D:/devkitPro/libctru/lib\libctru.a(cfgu.o)
                0x0010dac8                CFGU_GetConfigInfoBlk2
 .text.CFGU_GetSystemLanguage
                0x0010db14       0x54 D:/devkitPro/libctru/lib\libctru.a(cfgu.o)
                0x0010db14                CFGU_GetSystemLanguage
 .text.DSP_LoadComponent.part.0
                0x0010db68       0xa4 D:/devkitPro/libctru/lib\libctru.a(dsp.o)
 .text.dspInit  0x0010dc0c       0xfc D:/devkitPro/libctru/lib\libctru.a(dsp.o)
                0x0010dc0c                dspInit
 .text.dspExit  0x0010dd08       0x8c D:/devkitPro/libctru/lib\libctru.a(dsp.o)
                0x0010dd08                dspExit
 .text.dspHook  0x0010dd94       0x24 D:/devkitPro/libctru/lib\libctru.a(dsp.o)
                0x0010dd94                dspHook
 .text.dspUnhook
                0x0010ddb8       0x30 D:/devkitPro/libctru/lib\libctru.a(dsp.o)
                0x0010ddb8                dspUnhook
 .text.aptDspSleep
                0x0010dde8       0xb4 D:/devkitPro/libctru/lib\libctru.a(dsp.o)
                0x0010dde8                aptDspSleep
 .text.aptDspWakeup
                0x0010de9c       0xb4 D:/devkitPro/libctru/lib\libctru.a(dsp.o)
                0x0010de9c                aptDspWakeup
 .text.aptDspCancel
                0x0010df50       0x44 D:/devkitPro/libctru/lib\libctru.a(dsp.o)
                0x0010df50                aptDspCancel
 .text.DSP_FlushDataCache
                0x0010df94       0x50 D:/devkitPro/libctru/lib\libctru.a(dsp.o)
                0x0010df94                DSP_FlushDataCache
 .text.DSP_SetSemaphore
                0x0010dfe4       0x34 D:/devkitPro/libctru/lib\libctru.a(dsp.o)
                0x0010dfe4                DSP_SetSemaphore
 .text.DSP_SetSemaphoreMask
                0x0010e018       0x34 D:/devkitPro/libctru/lib\libctru.a(dsp.o)
                0x0010e018                DSP_SetSemaphoreMask
 .text.DSP_GetSemaphoreHandle
                0x0010e04c       0x38 D:/devkitPro/libctru/lib\libctru.a(dsp.o)
                0x0010e04c                DSP_GetSemaphoreHandle
 .text.DSP_LoadComponent
                0x0010e084       0x3c D:/devkitPro/libctru/lib\libctru.a(dsp.o)
                0x0010e084                DSP_LoadComponent
 .text.DSP_RegisterInterruptEvents
                0x0010e0c0       0x44 D:/devkitPro/libctru/lib\libctru.a(dsp.o)
                0x0010e0c0                DSP_RegisterInterruptEvents
 .text.DSP_ReadPipeIfPossible
                0x0010e104       0x78 D:/devkitPro/libctru/lib\libctru.a(dsp.o)
                0x0010e104                DSP_ReadPipeIfPossible
 .text.DSP_WriteProcessPipe
                0x0010e17c       0x4c D:/devkitPro/libctru/lib\libctru.a(dsp.o)
                0x0010e17c                DSP_WriteProcessPipe
 .text.DSP_ConvertProcessAddressFromDspDram
                0x0010e1c8       0x44 D:/devkitPro/libctru/lib\libctru.a(dsp.o)
                0x0010e1c8                DSP_ConvertProcessAddressFromDspDram
 .text.DSP_RecvData
                0x0010e20c       0x44 D:/devkitPro/libctru/lib\libctru.a(dsp.o)
                0x0010e20c                DSP_RecvData
 .text.DSP_RecvDataIsReady
                0x0010e250       0x50 D:/devkitPro/libctru/lib\libctru.a(dsp.o)
                0x0010e250                DSP_RecvDataIsReady
 .text.fsInit   0x0010e2a0      0x104 D:/devkitPro/libctru/lib\libctru.a(fs.o)
                0x0010e2a0                fsInit
 .text.fsExit   0x0010e3a4       0x3c D:/devkitPro/libctru/lib\libctru.a(fs.o)
                0x0010e3a4                fsExit
 .text.fsExemptFromSession
                0x0010e3e0       0x68 D:/devkitPro/libctru/lib\libctru.a(fs.o)
                0x0010e3e0                fsExemptFromSession
 .text.fsUnexemptFromSession
                0x0010e448       0x50 D:/devkitPro/libctru/lib\libctru.a(fs.o)
                0x0010e448                fsUnexemptFromSession
 .text.FSUSER_OpenFile
                0x0010e498       0xcc D:/devkitPro/libctru/lib\libctru.a(fs.o)
                0x0010e498                FSUSER_OpenFile
 .text.FSUSER_OpenFileDirectly
                0x0010e564       0xcc D:/devkitPro/libctru/lib\libctru.a(fs.o)
                0x0010e564                FSUSER_OpenFileDirectly
 .text.FSUSER_DeleteFile
                0x0010e630       0xb8 D:/devkitPro/libctru/lib\libctru.a(fs.o)
                0x0010e630                FSUSER_DeleteFile
 .text.FSUSER_RenameFile
                0x0010e6e8       0xf4 D:/devkitPro/libctru/lib\libctru.a(fs.o)
                0x0010e6e8                FSUSER_RenameFile
 .text.FSUSER_DeleteDirectory
                0x0010e7dc       0xb8 D:/devkitPro/libctru/lib\libctru.a(fs.o)
                0x0010e7dc                FSUSER_DeleteDirectory
 .text.FSUSER_CreateFile
                0x0010e894       0xd0 D:/devkitPro/libctru/lib\libctru.a(fs.o)
                0x0010e894                FSUSER_CreateFile
 .text.FSUSER_CreateDirectory
                0x0010e964       0xc0 D:/devkitPro/libctru/lib\libctru.a(fs.o)
                0x0010e964                FSUSER_CreateDirectory
 .text.FSUSER_RenameDirectory
                0x0010ea24       0xf4 D:/devkitPro/libctru/lib\libctru.a(fs.o)
                0x0010ea24                FSUSER_RenameDirectory
 .text.FSUSER_OpenDirectory
                0x0010eb18       0xb4 D:/devkitPro/libctru/lib\libctru.a(fs.o)
                0x0010eb18                FSUSER_OpenDirectory
 .text.FSUSER_OpenArchive
                0x0010ebcc       0x90 D:/devkitPro/libctru/lib\libctru.a(fs.o)
                0x0010ebcc                FSUSER_OpenArchive
 .text.FSUSER_CloseArchive
                0x0010ec5c       0x8c D:/devkitPro/libctru/lib\libctru.a(fs.o)
                0x0010ec5c                FSUSER_CloseArchive
 .text.FSUSER_GetSdmcArchiveResource
                0x0010ece8       0x74 D:/devkitPro/libctru/lib\libctru.a(fs.o)
                0x0010ece8                FSUSER_GetSdmcArchiveResource
 .text.FSUSER_IsSdmcWritable
                0x0010ed5c       0x64 D:/devkitPro/libctru/lib\libctru.a(fs.o)
                0x0010ed5c                FSUSER_IsSdmcWritable
 .text.FSFILE_Read
                0x0010edc0       0x64 D:/devkitPro/libctru/lib\libctru.a(fs.o)
                0x0010edc0                FSFILE_Read
 .text.FSFILE_Write
                0x0010ee24       0x6c D:/devkitPro/libctru/lib\libctru.a(fs.o)
                0x0010ee24                FSFILE_Write
 .text.FSFILE_GetSize
                0x0010ee90       0x44 D:/devkitPro/libctru/lib\libctru.a(fs.o)
                0x0010ee90                FSFILE_GetSize
 .text.FSFILE_SetSize
                0x0010eed4       0x28 D:/devkitPro/libctru/lib\libctru.a(fs.o)
                0x0010eed4                FSFILE_SetSize
 .text.FSFILE_Close
                0x0010eefc       0x3c D:/devkitPro/libctru/lib\libctru.a(fs.o)
                0x0010eefc                FSFILE_Close
 .text.FSFILE_Flush
                0x0010ef38       0x24 D:/devkitPro/libctru/lib\libctru.a(fs.o)
                0x0010ef38                FSFILE_Flush
 .text.FSDIR_Read
                0x0010ef5c       0x60 D:/devkitPro/libctru/lib\libctru.a(fs.o)
                0x0010ef5c                FSDIR_Read
 .text.FSDIR_Close
                0x0010efbc       0x3c D:/devkitPro/libctru/lib\libctru.a(fs.o)
                0x0010efbc                FSDIR_Close
 .text.gspHardwareInit
                0x0010eff8      0xc70 D:/devkitPro/libctru/lib\libctru.a(gspgpu.o)
 .text.gspInit  0x0010fc68      0x280 D:/devkitPro/libctru/lib\libctru.a(gspgpu.o)
                0x0010fc68                gspInit
 .text.gspExit  0x0010fee8      0x110 D:/devkitPro/libctru/lib\libctru.a(gspgpu.o)
                0x0010fee8                gspExit
 .text.gspHasGpuRight
                0x0010fff8       0x10 D:/devkitPro/libctru/lib\libctru.a(gspgpu.o)
                0x0010fff8                gspHasGpuRight
 .text.gspPresentBuffer
                0x00110008       0xa4 D:/devkitPro/libctru/lib\libctru.a(gspgpu.o)
                0x00110008                gspPresentBuffer
 .text.gspSetEventCallback
                0x001100ac       0x30 D:/devkitPro/libctru/lib\libctru.a(gspgpu.o)
                0x001100ac                gspSetEventCallback
 .text.gspWaitForEvent
                0x001100dc       0x50 D:/devkitPro/libctru/lib\libctru.a(gspgpu.o)
                0x001100dc                gspWaitForEvent
 .text.gspWaitForAnyEvent
                0x0011012c       0x4c D:/devkitPro/libctru/lib\libctru.a(gspgpu.o)
                0x0011012c                gspWaitForAnyEvent
 .text.gspEventThreadMain
                0x00110178      0x154 D:/devkitPro/libctru/lib\libctru.a(gspgpu.o)
 .text.gspSubmitGxCommand
                0x001102cc      0x12c D:/devkitPro/libctru/lib\libctru.a(gspgpu.o)
                0x001102cc                gspSubmitGxCommand
 .text.GSPGPU_FlushDataCache
                0x001103f8       0x50 D:/devkitPro/libctru/lib\libctru.a(gspgpu.o)
                0x001103f8                GSPGPU_FlushDataCache
 .text.GSPGPU_SetLcdForceBlack
                0x00110448       0x34 D:/devkitPro/libctru/lib\libctru.a(gspgpu.o)
                0x00110448                GSPGPU_SetLcdForceBlack
 .text.GSPGPU_AcquireRight
                0x0011047c       0x80 D:/devkitPro/libctru/lib\libctru.a(gspgpu.o)
                0x0011047c                GSPGPU_AcquireRight
 .text.GSPGPU_ReleaseRight
                0x001104fc       0x5c D:/devkitPro/libctru/lib\libctru.a(gspgpu.o)
                0x001104fc                GSPGPU_ReleaseRight
 .text.GSPGPU_ImportDisplayCaptureInfo
                0x00110558       0x7c D:/devkitPro/libctru/lib\libctru.a(gspgpu.o)
                0x00110558                GSPGPU_ImportDisplayCaptureInfo
 .text.GSPGPU_SaveVramSysArea
                0x001105d4       0x2c D:/devkitPro/libctru/lib\libctru.a(gspgpu.o)
                0x001105d4                GSPGPU_SaveVramSysArea
 .text.GSPGPU_RestoreVramSysArea
                0x00110600       0x2c D:/devkitPro/libctru/lib\libctru.a(gspgpu.o)
                0x00110600                GSPGPU_RestoreVramSysArea
 .text.hidShouldUseIrrst
                0x0011062c       0x24 D:/devkitPro/libctru/lib\libctru.a(hid.o)
                0x0011062c                hidShouldUseIrrst
 .text.hidInit  0x00110650      0x1cc D:/devkitPro/libctru/lib\libctru.a(hid.o)
                0x00110650                hidInit
 .text.hidExit  0x0011081c       0xe8 D:/devkitPro/libctru/lib\libctru.a(hid.o)
                0x0011081c                hidExit
 .text.hidScanInput
                0x00110904      0x2a0 D:/devkitPro/libctru/lib\libctru.a(hid.o)
                0x00110904                hidScanInput
 .text.hidKeysHeld
                0x00110ba4       0x10 D:/devkitPro/libctru/lib\libctru.a(hid.o)
                0x00110ba4                hidKeysHeld
 .text.hidKeysDown
                0x00110bb4       0x10 D:/devkitPro/libctru/lib\libctru.a(hid.o)
                0x00110bb4                hidKeysDown
 .text.hidTouchRead
                0x00110bc4       0x18 D:/devkitPro/libctru/lib\libctru.a(hid.o)
                0x00110bc4                hidTouchRead
 .text.irrstInit
                0x00110bdc      0x1a4 D:/devkitPro/libctru/lib\libctru.a(irrst.o)
                0x00110bdc                irrstInit
 .text.irrstExit
                0x00110d80       0xdc D:/devkitPro/libctru/lib\libctru.a(irrst.o)
                0x00110d80                irrstExit
 .text.irrstScanInput
                0x00110e5c       0xb4 D:/devkitPro/libctru/lib\libctru.a(irrst.o)
                0x00110e5c                irrstScanInput
 .text.irrstKeysHeld
                0x00110f10       0x24 D:/devkitPro/libctru/lib\libctru.a(irrst.o)
                0x00110f10                irrstKeysHeld
 .text.nfcInit  0x00110f34      0x118 D:/devkitPro/libctru/lib\libctru.a(nfc.o)
                0x00110f34                nfcInit
 .text.nfcExit  0x0011104c       0x70 D:/devkitPro/libctru/lib\libctru.a(nfc.o)
                0x0011104c                nfcExit
 .text.ptmSysmInit
                0x001110bc       0x78 D:/devkitPro/libctru/lib\libctru.a(ptmsysm.o)
                0x001110bc                ptmSysmInit
 .text.ptmSysmExit
                0x00111134       0x3c D:/devkitPro/libctru/lib\libctru.a(ptmsysm.o)
                0x00111134                ptmSysmExit
 .text.PTMSYSM_ConfigureNew3DSCPU
                0x00111170       0x34 D:/devkitPro/libctru/lib\libctru.a(ptmsysm.o)
                0x00111170                PTMSYSM_ConfigureNew3DSCPU
 .text.buffer_read
                0x001111a4       0xe0 D:/devkitPro/libctru/lib\libctru.a(decompress.o)
 .text.iov_read
                0x00111284       0xcc D:/devkitPro/libctru/lib\libctru.a(decompress.o)
 .text.iov_memmove
                0x00111350      0x164 D:/devkitPro/libctru/lib\libctru.a(decompress.o)
 .text.decompress_rle
                0x001114b4      0x1e0 D:/devkitPro/libctru/lib\libctru.a(decompress.o)
 .text.decompress_lzss
                0x00111694      0x264 D:/devkitPro/libctru/lib\libctru.a(decompress.o)
 .text.decompress_lz11
                0x001118f8      0x418 D:/devkitPro/libctru/lib\libctru.a(decompress.o)
 .text.decompress_huff.isra.0
                0x00111d10      0x31c D:/devkitPro/libctru/lib\libctru.a(decompress.o)
 .text.decompressCallback_Stdio
                0x0011202c       0x10 D:/devkitPro/libctru/lib\libctru.a(decompress.o)
                0x0011202c                decompressCallback_Stdio
 .text.decompressHeader
                0x0011203c       0xe4 D:/devkitPro/libctru/lib\libctru.a(decompress.o)
                0x0011203c                decompressHeader
 .text.decompressV
                0x00112120      0x21c D:/devkitPro/libctru/lib\libctru.a(decompress.o)
                0x00112120                decompressV
 .text.rbtree_find
                0x0011233c       0x74 D:/devkitPro/libctru/lib\libctru.a(rbtree_find.o)
                0x0011233c                rbtree_find
 .text.rbtree_init
                0x001123b0       0x10 D:/devkitPro/libctru/lib\libctru.a(rbtree_init.o)
                0x001123b0                rbtree_init
 .text.do_insert
                0x001123c0      0x198 D:/devkitPro/libctru/lib\libctru.a(rbtree_insert.o)
 .text.rbtree_insert
                0x00112558        0x8 D:/devkitPro/libctru/lib\libctru.a(rbtree_insert.o)
                0x00112558                rbtree_insert
 .text.rbtree_remove
                0x00112560      0x310 D:/devkitPro/libctru/lib\libctru.a(rbtree_remove.o)
                0x00112560                rbtree_remove
 .text.rbtree_rotate
                0x00112870       0x90 D:/devkitPro/libctru/lib\libctru.a(rbtree_rotate.o)
                0x00112870                rbtree_rotate
 .text.utf16_to_utf8
                0x00112900       0xe8 D:/devkitPro/libctru/lib\libctru.a(utf16_to_utf8.o)
                0x00112900                utf16_to_utf8
 .text.utf8_to_utf16
                0x001129e8       0xc0 D:/devkitPro/libctru/lib\libctru.a(utf8_to_utf16.o)
                0x001129e8                utf8_to_utf16
 .text.__system_allocateHeaps
                0x00112aa8      0x1e8 D:/devkitPro/libctru/lib\libctru.a(allocateHeaps.o)
                0x00112aa8                __system_allocateHeaps
 .text.__libctru_init
                0x00112c90       0x38 D:/devkitPro/libctru/lib\libctru.a(ctru_init.o)
                0x00112c90                __libctru_init
 .text.__system_initArgv
                0x00112cc8      0x16c D:/devkitPro/libctru/lib\libctru.a(initArgv.o)
                0x00112cc8                __system_initArgv
 .text.__syscall_getreent
                0x00112e34       0x30 D:/devkitPro/libctru/lib\libctru.a(syscalls.o)
                0x00112e34                __syscall_getreent
 .text.__syscall_gettod_r
                0x00112e64       0x64 D:/devkitPro/libctru/lib\libctru.a(syscalls.o)
                0x00112e64                __syscall_gettod_r
 .text.__syscall_lock_acquire
                0x00112ec8        0x4 D:/devkitPro/libctru/lib\libctru.a(syscalls.o)
                0x00112ec8                __syscall_lock_acquire
 .text.__syscall_lock_release
                0x00112ecc        0x4 D:/devkitPro/libctru/lib\libctru.a(syscalls.o)
                0x00112ecc                __syscall_lock_release
 .text.__syscall_lock_acquire_recursive
                0x00112ed0        0x4 D:/devkitPro/libctru/lib\libctru.a(syscalls.o)
                0x00112ed0                __syscall_lock_acquire_recursive
 .text.__syscall_lock_release_recursive
                0x00112ed4        0x4 D:/devkitPro/libctru/lib\libctru.a(syscalls.o)
                0x00112ed4                __syscall_lock_release_recursive
 .text.__syscall_exit
                0x00112ed8        0x4 D:/devkitPro/libctru/lib\libctru.a(syscalls.o)
                0x00112ed8                __syscall_exit
 .text.initThreadVars
                0x00112edc       0x54 D:/devkitPro/libctru/lib\libctru.a(syscalls.o)
                0x00112edc                initThreadVars
 .text.__system_initSyscalls
                0x00112f30       0x80 D:/devkitPro/libctru/lib\libctru.a(syscalls.o)
                0x00112f30                __system_initSyscalls
 .text.svcControlMemory
                0x00112fb0       0x20 D:/devkitPro/libctru/lib\libctru.a(svc.o)
                0x00112fb0                svcControlMemory
 .text.svcQueryMemory
                0x00112fd0       0x30 D:/devkitPro/libctru/lib\libctru.a(svc.o)
                0x00112fd0                svcQueryMemory
 .text.svcExitProcess
                0x00113000        0x8 D:/devkitPro/libctru/lib\libctru.a(svc.o)
                0x00113000                svcExitProcess
 .text.svcCreateThread
                0x00113008       0x20 D:/devkitPro/libctru/lib\libctru.a(svc.o)
                0x00113008                svcCreateThread
 .text.svcExitThread
                0x00113028        0x8 D:/devkitPro/libctru/lib\libctru.a(svc.o)
                0x00113028                svcExitThread
 .text.svcSleepThread
                0x00113030        0x8 D:/devkitPro/libctru/lib\libctru.a(svc.o)
                0x00113030                svcSleepThread
 .text.svcGetThreadPriority
                0x00113038       0x14 D:/devkitPro/libctru/lib\libctru.a(svc.o)
                0x00113038                svcGetThreadPriority
 .text.svcReleaseMutex
                0x0011304c        0x8 D:/devkitPro/libctru/lib\libctru.a(svc.o)
                0x0011304c                svcReleaseMutex
 .text.svcCreateEvent
                0x00113054       0x14 D:/devkitPro/libctru/lib\libctru.a(svc.o)
                0x00113054                svcCreateEvent
 .text.svcSignalEvent
                0x00113068        0x8 D:/devkitPro/libctru/lib\libctru.a(svc.o)
                0x00113068                svcSignalEvent
 .text.svcClearEvent
                0x00113070        0x8 D:/devkitPro/libctru/lib\libctru.a(svc.o)
                0x00113070                svcClearEvent
 .text.svcMapMemoryBlock
                0x00113078        0x8 D:/devkitPro/libctru/lib\libctru.a(svc.o)
                0x00113078                svcMapMemoryBlock
 .text.svcUnmapMemoryBlock
                0x00113080        0x8 D:/devkitPro/libctru/lib\libctru.a(svc.o)
                0x00113080                svcUnmapMemoryBlock
 .text.svcCreateAddressArbiter
                0x00113088       0x14 D:/devkitPro/libctru/lib\libctru.a(svc.o)
                0x00113088                svcCreateAddressArbiter
 .text.svcArbitrateAddressNoTimeout
                0x0011309c        0x8 D:/devkitPro/libctru/lib\libctru.a(svc.o)
                0x0011309c                svcArbitrateAddressNoTimeout
 .text.svcCloseHandle
                0x001130a4        0x8 D:/devkitPro/libctru/lib\libctru.a(svc.o)
                0x001130a4                svcCloseHandle
 .text.svcWaitSynchronization
                0x001130ac        0x8 D:/devkitPro/libctru/lib\libctru.a(svc.o)
                0x001130ac                svcWaitSynchronization
 .text.svcWaitSynchronizationN
                0x001130b4       0x28 D:/devkitPro/libctru/lib\libctru.a(svc.o)
                0x001130b4                svcWaitSynchronizationN
 .text.svcDuplicateHandle
                0x001130dc       0x14 D:/devkitPro/libctru/lib\libctru.a(svc.o)
                0x001130dc                svcDuplicateHandle
 .text.svcGetSystemTick
                0x001130f0        0x8 D:/devkitPro/libctru/lib\libctru.a(svc.o)
                0x001130f0                svcGetSystemTick
 .text.svcConnectToPort
                0x001130f8       0x14 D:/devkitPro/libctru/lib\libctru.a(svc.o)
                0x001130f8                svcConnectToPort
 .text.svcSendSyncRequest
                0x0011310c        0x8 D:/devkitPro/libctru/lib\libctru.a(svc.o)
                0x0011310c                svcSendSyncRequest
 .text.svcGetResourceLimit
                0x00113114       0x14 D:/devkitPro/libctru/lib\libctru.a(svc.o)
                0x00113114                svcGetResourceLimit
 .text.svcGetResourceLimitLimitValues
                0x00113128        0x8 D:/devkitPro/libctru/lib\libctru.a(svc.o)
                0x00113128                svcGetResourceLimitLimitValues
 .text.svcGetResourceLimitCurrentValues
                0x00113130        0x8 D:/devkitPro/libctru/lib\libctru.a(svc.o)
                0x00113130                svcGetResourceLimitCurrentValues
 .text.svcBreak
                0x00113138        0x8 D:/devkitPro/libctru/lib\libctru.a(svc.o)
                0x00113138                svcBreak
 .text.__aeabi_read_tp
                0x00113140        0xc D:/devkitPro/libctru/lib\libctru.a(readtp.o)
                0x00113140                __aeabi_read_tp
 .text.initSystem
                0x0011314c       0x50 D:/devkitPro/libctru/lib\libctru.a(stack_adjust.o)
                0x0011314c                initSystem
 .text.__ctru_exit
                0x0011319c       0x14 D:/devkitPro/libctru/lib\libctru.a(stack_adjust.o)
                0x0011319c                __ctru_exit
 .text.envGetHandle
                0x001131b0       0x8c D:/devkitPro/libctru/lib\libctru.a(env.o)
                0x001131b0                envGetHandle
 .text.envDestroyHandles
                0x0011323c       0x50 D:/devkitPro/libctru/lib\libctru.a(env.o)
                0x0011323c                envDestroyHandles
 .text.srvInit  0x0011328c      0x164 D:/devkitPro/libctru/lib\libctru.a(srv.o)
                0x0011328c                srvInit
 .text.srvExit  0x001133f0       0x64 D:/devkitPro/libctru/lib\libctru.a(srv.o)
                0x001133f0                srvExit
 .text.srvEnableNotification
                0x00113454       0x60 D:/devkitPro/libctru/lib\libctru.a(srv.o)
                0x00113454                srvEnableNotification
 .text.srvGetServiceHandleDirect
                0x001134b4       0xa0 D:/devkitPro/libctru/lib\libctru.a(srv.o)
                0x001134b4                srvGetServiceHandleDirect
 .text.srvGetServiceHandle
                0x00113554       0x48 D:/devkitPro/libctru/lib\libctru.a(srv.o)
                0x00113554                srvGetServiceHandle
 .text.srvSubscribe
                0x0011359c       0x34 D:/devkitPro/libctru/lib\libctru.a(srv.o)
                0x0011359c                srvSubscribe
 .text.srvReceiveNotification
                0x001135d0       0x60 D:/devkitPro/libctru/lib\libctru.a(srv.o)
                0x001135d0                srvReceiveNotification
 .text.srvPublishToSubscriber
                0x00113630       0x38 D:/devkitPro/libctru/lib\libctru.a(srv.o)
                0x00113630                srvPublishToSubscriber
 .text.mappableFindAddressWithin
                0x00113668       0x90 D:/devkitPro/libctru/lib\libctru.a(mappable.o)
 .text.mappableInit
                0x001136f8       0x28 D:/devkitPro/libctru/lib\libctru.a(mappable.o)
                0x001136f8                mappableInit
 .text.mappableAlloc
                0x00113720       0x7c D:/devkitPro/libctru/lib\libctru.a(mappable.o)
                0x00113720                mappableAlloc
 .text.mappableFree
                0x0011379c        0x4 D:/devkitPro/libctru/lib\libctru.a(mappable.o)
                0x0011379c                mappableFree
 .text.srvPmGetSessionHandle
                0x001137a0        0xc D:/devkitPro/libctru/lib\libctru.a(srvpm.o)
                0x001137a0                srvPmGetSessionHandle
 .text.rbtree_node_next
                0x001137ac       0x60 D:/devkitPro/libctru/lib\libctru.a(rbtree_iterator.o)
                0x001137ac                rbtree_node_next
 .text.decode_utf16
                0x0011380c       0x54 D:/devkitPro/libctru/lib\libctru.a(decode_utf16.o)
                0x0011380c                decode_utf16
 .text.decode_utf8
                0x00113860      0x140 D:/devkitPro/libctru/lib\libctru.a(decode_utf8.o)
                0x00113860                decode_utf8
 .text.encode_utf16
                0x001139a0       0x54 D:/devkitPro/libctru/lib\libctru.a(encode_utf16.o)
                0x001139a0                encode_utf16
 .text.encode_utf8
                0x001139f4       0xe0 D:/devkitPro/libctru/lib\libctru.a(encode_utf8.o)
                0x001139f4                encode_utf8
 .text.__appExit
                0x00113ad4       0x30 D:/devkitPro/libctru/lib\libctru.a(appExit.o)
                0x00113ad4                __appExit
 .text.__appInit
                0x00113b04       0x30 D:/devkitPro/libctru/lib\libctru.a(appInit.o)
                0x00113b04                __appInit
 .text.__libctru_exit
                0x00113b34       0x90 D:/devkitPro/libctru/lib\libctru.a(ctru_exit.o)
                0x00113b34                __libctru_exit
 .text.archive_link
                0x00113bc4       0x14 D:/devkitPro/libctru/lib\libctru.a(archive_dev.o)
 .text.archive_dirreset
                0x00113bd8       0x14 D:/devkitPro/libctru/lib\libctru.a(archive_dev.o)
 .text.archive_chmod
                0x00113bec       0x14 D:/devkitPro/libctru/lib\libctru.a(archive_dev.o)
 .text.error_cmp
                0x00113c00       0x24 D:/devkitPro/libctru/lib\libctru.a(archive_dev.o)
 .text.archive_translate_error
                0x00113c24       0x50 D:/devkitPro/libctru/lib\libctru.a(archive_dev.o)
 .text.archive_seek
                0x00113c74       0xc0 D:/devkitPro/libctru/lib\libctru.a(archive_dev.o)
 .text._archiveInit.part.0
                0x00113d34       0x78 D:/devkitPro/libctru/lib\libctru.a(archive_dev.o)
 .text.archiveFindDevice.part.0
                0x00113dac       0xd4 D:/devkitPro/libctru/lib\libctru.a(archive_dev.o)
 .text.archive_utf16path
                0x00113e80      0x298 D:/devkitPro/libctru/lib\libctru.a(archive_dev.o)
 .text._archiveUnmountDeviceStruct.part.0
                0x00114118       0x98 D:/devkitPro/libctru/lib\libctru.a(archive_dev.o)
 .text.archive_statvfs
                0x001141b0       0x14 D:/devkitPro/libctru/lib\libctru.a(archive_dev.o)
 .text.archive_fchmod
                0x001141c4       0x14 D:/devkitPro/libctru/lib\libctru.a(archive_dev.o)
 .text._archiveMountDevice
                0x001141d8      0x178 D:/devkitPro/libctru/lib\libctru.a(archive_dev.o)
 .text.archive_diropen
                0x00114350       0xf8 D:/devkitPro/libctru/lib\libctru.a(archive_dev.o)
 .text.archive_fstat
                0x00114448       0xac D:/devkitPro/libctru/lib\libctru.a(archive_dev.o)
 .text.archive_fsync
                0x001144f4       0x74 D:/devkitPro/libctru/lib\libctru.a(archive_dev.o)
 .text.archive_close
                0x00114568       0x74 D:/devkitPro/libctru/lib\libctru.a(archive_dev.o)
 .text.archive_dirclose
                0x001145dc       0x78 D:/devkitPro/libctru/lib\libctru.a(archive_dev.o)
 .text.sdmc_statvfs
                0x00114654       0xec D:/devkitPro/libctru/lib\libctru.a(archive_dev.o)
 .text.archive_chdir
                0x00114740       0xf8 D:/devkitPro/libctru/lib\libctru.a(archive_dev.o)
 .text.archive_ftruncate
                0x00114838       0x8c D:/devkitPro/libctru/lib\libctru.a(archive_dev.o)
 .text.archive_read
                0x001148c4       0xbc D:/devkitPro/libctru/lib\libctru.a(archive_dev.o)
 .text.archive_unlink
                0x00114980       0xa8 D:/devkitPro/libctru/lib\libctru.a(archive_dev.o)
 .text.archive_rmdir
                0x00114a28       0xc0 D:/devkitPro/libctru/lib\libctru.a(archive_dev.o)
 .text.archive_mkdir
                0x00114ae8       0xd8 D:/devkitPro/libctru/lib\libctru.a(archive_dev.o)
 .text.archive_stat
                0x00114bc0      0x1a0 D:/devkitPro/libctru/lib\libctru.a(archive_dev.o)
 .text.archive_dirnext
                0x00114d60      0x164 D:/devkitPro/libctru/lib\libctru.a(archive_dev.o)
 .text.archive_write
                0x00114ec4      0x13c D:/devkitPro/libctru/lib\libctru.a(archive_dev.o)
 .text.archive_open
                0x00115000      0x254 D:/devkitPro/libctru/lib\libctru.a(archive_dev.o)
 .text.archive_rename
                0x00115254      0x270 D:/devkitPro/libctru/lib\libctru.a(archive_dev.o)
 .text.archiveMountSdmc
                0x001154c4      0x1c8 D:/devkitPro/libctru/lib\libctru.a(archive_dev.o)
                0x001154c4                archiveMountSdmc
 .text.archiveUnmountAll
                0x0011568c       0x54 D:/devkitPro/libctru/lib\libctru.a(archive_dev.o)
                0x0011568c                archiveUnmountAll
 .text.sinf     0x001156e0      0x264 D:/devkitPro/devkitARM/bin/../lib/gcc/arm-none-eabi/15.1.0/../../../../arm-none-eabi/lib/armv6k/fpu\libm.a(libm_a-sinf.o)
                0x001156e0                sinf
 .text.with_errnof
                0x00115944       0x24 D:/devkitPro/devkitARM/bin/../lib/gcc/arm-none-eabi/15.1.0/../../../../arm-none-eabi/lib/armv6k/fpu\libm.a(libm_a-math_errf.o)
 .text.xflowf   0x00115968       0x18 D:/devkitPro/devkitARM/bin/../lib/gcc/arm-none-eabi/15.1.0/../../../../arm-none-eabi/lib/armv6k/fpu\libm.a(libm_a-math_errf.o)
 .text.__math_uflowf
                0x00115980        0xc D:/devkitPro/devkitARM/bin/../lib/gcc/arm-none-eabi/15.1.0/../../../../arm-none-eabi/lib/armv6k/fpu\libm.a(libm_a-math_errf.o)
                0x00115980                __math_uflowf
 .text.__math_may_uflowf
                0x0011598c        0xc D:/devkitPro/devkitARM/bin/../lib/gcc/arm-none-eabi/15.1.0/../../../../arm-none-eabi/lib/armv6k/fpu\libm.a(libm_a-math_errf.o)
                0x0011598c                __math_may_uflowf
 .text.__math_oflowf
                0x00115998        0xc D:/devkitPro/devkitARM/bin/../lib/gcc/arm-none-eabi/15.1.0/../../../../arm-none-eabi/lib/armv6k/fpu\libm.a(libm_a-math_errf.o)
                0x00115998                __math_oflowf
 .text.__math_divzerof
                0x001159a4       0x2c D:/devkitPro/devkitARM/bin/../lib/gcc/arm-none-eabi/15.1.0/../../../../arm-none-eabi/lib/armv6k/fpu\libm.a(libm_a-math_errf.o)
                0x001159a4                __math_divzerof
 .text.__math_invalidf
                0x001159d0       0x1c D:/devkitPro/devkitARM/bin/../lib/gcc/arm-none-eabi/15.1.0/../../../../arm-none-eabi/lib/armv6k/fpu\libm.a(libm_a-math_errf.o)
                0x001159d0                __math_invalidf
 *fill*         0x001159ec        0x4 
 .text.cosf     0x001159f0      0x25c D:/devkitPro/devkitARM/bin/../lib/gcc/arm-none-eabi/15.1.0/../../../../arm-none-eabi/lib/armv6k/fpu\libm.a(libm_a-cosf.o)
                0x001159f0                cosf
 .text._get_next_page
                0x00115c4c      0x124 D:/devkitPro/portlibs/3ds/lib\libvorbisidec.a(vorbisfile.o)
 .text._initial_pcmoffset
                0x00115d70      0x104 D:/devkitPro/portlibs/3ds/lib\libvorbisidec.a(vorbisfile.o)
 .text._seek_helper
                0x00115e74       0x80 D:/devkitPro/portlibs/3ds/lib\libvorbisidec.a(vorbisfile.o)
 .text._fseek64_wrap
                0x00115ef4       0x1c D:/devkitPro/portlibs/3ds/lib\libvorbisidec.a(vorbisfile.o)
 .text._make_decode_ready
                0x00115f10       0x98 D:/devkitPro/portlibs/3ds/lib\libvorbisidec.a(vorbisfile.o)
 .text._get_prev_page_serial
                0x00115fa8      0x208 D:/devkitPro/portlibs/3ds/lib\libvorbisidec.a(vorbisfile.o)
 .text._fetch_headers
                0x001161b0      0x354 D:/devkitPro/portlibs/3ds/lib\libvorbisidec.a(vorbisfile.o)
 .text._bisect_forward_serialno
                0x00116504      0x538 D:/devkitPro/portlibs/3ds/lib\libvorbisidec.a(vorbisfile.o)
 .text._fetch_and_process_packet.constprop.10
                0x00116a3c      0x36c D:/devkitPro/portlibs/3ds/lib\libvorbisidec.a(vorbisfile.o)
 .text.ov_clear
                0x00116da8       0xf4 D:/devkitPro/portlibs/3ds/lib\libvorbisidec.a(vorbisfile.o)
                0x00116da8                ov_clear
 .text._ov_open1
                0x00116e9c      0x214 D:/devkitPro/portlibs/3ds/lib\libvorbisidec.a(vorbisfile.o)
 .text.ov_pcm_total
                0x001170b0       0x4c D:/devkitPro/portlibs/3ds/lib\libvorbisidec.a(vorbisfile.o)
                0x001170b0                ov_pcm_total
 .text.ov_pcm_total.part.3
                0x001170fc       0x58 D:/devkitPro/portlibs/3ds/lib\libvorbisidec.a(vorbisfile.o)
 .text.ov_raw_seek
                0x00117154      0x49c D:/devkitPro/portlibs/3ds/lib\libvorbisidec.a(vorbisfile.o)
                0x00117154                ov_raw_seek
 .text._open_seekable2
                0x001175f0      0x1ac D:/devkitPro/portlibs/3ds/lib\libvorbisidec.a(vorbisfile.o)
 .text.ov_open_callbacks
                0x0011779c       0xa0 D:/devkitPro/portlibs/3ds/lib\libvorbisidec.a(vorbisfile.o)
                0x0011779c                ov_open_callbacks
 .text.ov_open  0x0011783c       0x4c D:/devkitPro/portlibs/3ds/lib\libvorbisidec.a(vorbisfile.o)
                0x0011783c                ov_open
 .text.ov_info  0x00117888       0x58 D:/devkitPro/portlibs/3ds/lib\libvorbisidec.a(vorbisfile.o)
                0x00117888                ov_info
 .text.ov_read  0x001178e0      0x17c D:/devkitPro/portlibs/3ds/lib\libvorbisidec.a(vorbisfile.o)
                0x001178e0                ov_read
 .text.vorbis_block_init
                0x00117a5c       0x24 D:/devkitPro/portlibs/3ds/lib\libvorbisidec.a(block.o)
                0x00117a5c                vorbis_block_init
 .text._vorbis_block_alloc
                0x00117a80       0x74 D:/devkitPro/portlibs/3ds/lib\libvorbisidec.a(block.o)
                0x00117a80                _vorbis_block_alloc
 .text._vorbis_block_ripcord
                0x00117af4       0x78 D:/devkitPro/portlibs/3ds/lib\libvorbisidec.a(block.o)
                0x00117af4                _vorbis_block_ripcord
 .text.vorbis_block_clear
                0x00117b6c       0x34 D:/devkitPro/portlibs/3ds/lib\libvorbisidec.a(block.o)
                0x00117b6c                vorbis_block_clear
 .text.vorbis_synthesis_restart
                0x00117ba0       0x78 D:/devkitPro/portlibs/3ds/lib\libvorbisidec.a(block.o)
                0x00117ba0                vorbis_synthesis_restart
 .text.vorbis_dsp_clear
                0x00117c18      0x124 D:/devkitPro/portlibs/3ds/lib\libvorbisidec.a(block.o)
                0x00117c18                vorbis_dsp_clear
 .text.vorbis_synthesis_init
                0x00117d3c      0x2cc D:/devkitPro/portlibs/3ds/lib\libvorbisidec.a(block.o)
                0x00117d3c                vorbis_synthesis_init
 .text.vorbis_synthesis_blockin
                0x00118008      0x650 D:/devkitPro/portlibs/3ds/lib\libvorbisidec.a(block.o)
                0x00118008                vorbis_synthesis_blockin
 .text.vorbis_synthesis_pcmout
                0x00118658       0x74 D:/devkitPro/portlibs/3ds/lib\libvorbisidec.a(block.o)
                0x00118658                vorbis_synthesis_pcmout
 .text.vorbis_synthesis_read
                0x001186cc       0x30 D:/devkitPro/portlibs/3ds/lib\libvorbisidec.a(block.o)
                0x001186cc                vorbis_synthesis_read
 .text._vorbis_window
                0x001186fc       0xb8 D:/devkitPro/portlibs/3ds/lib\libvorbisidec.a(window.o)
                0x001186fc                _vorbis_window
 .text._vorbis_apply_window
                0x001187b4      0x164 D:/devkitPro/portlibs/3ds/lib\libvorbisidec.a(window.o)
                0x001187b4                _vorbis_apply_window
 .text._vorbis_synthesis1
                0x00118918      0x1c4 D:/devkitPro/portlibs/3ds/lib\libvorbisidec.a(synthesis.o)
 .text.vorbis_synthesis
                0x00118adc        0x8 D:/devkitPro/portlibs/3ds/lib\libvorbisidec.a(synthesis.o)
                0x00118adc                vorbis_synthesis
 .text.vorbis_packet_blocksize
                0x00118ae4       0x88 D:/devkitPro/portlibs/3ds/lib\libvorbisidec.a(synthesis.o)
                0x00118ae4                vorbis_packet_blocksize
 .text.vorbis_comment_init
                0x00118b6c       0x18 D:/devkitPro/portlibs/3ds/lib\libvorbisidec.a(info.o)
                0x00118b6c                vorbis_comment_init
 .text.vorbis_comment_clear
                0x00118b84       0x8c D:/devkitPro/portlibs/3ds/lib\libvorbisidec.a(info.o)
                0x00118b84                vorbis_comment_clear
 .text.vorbis_info_init
                0x00118c10       0x40 D:/devkitPro/portlibs/3ds/lib\libvorbisidec.a(info.o)
                0x00118c10                vorbis_info_init
 .text.vorbis_info_clear
                0x00118c50      0x1a8 D:/devkitPro/portlibs/3ds/lib\libvorbisidec.a(info.o)
                0x00118c50                vorbis_info_clear
 .text.vorbis_synthesis_idheader
                0x00118df8       0xb0 D:/devkitPro/portlibs/3ds/lib\libvorbisidec.a(info.o)
                0x00118df8                vorbis_synthesis_idheader
 .text.vorbis_synthesis_headerin
                0x00118ea8      0x6b0 D:/devkitPro/portlibs/3ds/lib\libvorbisidec.a(info.o)
                0x00118ea8                vorbis_synthesis_headerin
 .text.vorbis_staticbook_unpack
                0x00119558      0x3d0 D:/devkitPro/portlibs/3ds/lib\libvorbisidec.a(codebook.o)
                0x00119558                vorbis_staticbook_unpack
 .text.vorbis_book_decode
                0x00119928      0x1b0 D:/devkitPro/portlibs/3ds/lib\libvorbisidec.a(codebook.o)
                0x00119928                vorbis_book_decode
 .text.vorbis_book_decodevs_add
                0x00119ad8      0x550 D:/devkitPro/portlibs/3ds/lib\libvorbisidec.a(codebook.o)
                0x00119ad8                vorbis_book_decodevs_add
 .text.vorbis_book_decodev_add
                0x0011a028      0x448 D:/devkitPro/portlibs/3ds/lib\libvorbisidec.a(codebook.o)
                0x0011a028                vorbis_book_decodev_add
 .text.vorbis_book_decodev_set
                0x0011a470      0x460 D:/devkitPro/portlibs/3ds/lib\libvorbisidec.a(codebook.o)
                0x0011a470                vorbis_book_decodev_set
 .text.vorbis_book_decodevv_add
                0x0011a8d0      0x424 D:/devkitPro/portlibs/3ds/lib\libvorbisidec.a(codebook.o)
                0x0011a8d0                vorbis_book_decodevv_add
 .text.bitreverse
                0x0011acf4       0x5c D:/devkitPro/portlibs/3ds/lib\libvorbisidec.a(sharedbook.o)
 .text.sort32a  0x0011ad50       0x2c D:/devkitPro/portlibs/3ds/lib\libvorbisidec.a(sharedbook.o)
 .text._ilog    0x0011ad7c       0x24 D:/devkitPro/portlibs/3ds/lib\libvorbisidec.a(sharedbook.o)
                0x0011ad7c                _ilog
 .text._make_words
                0x0011ada0      0x284 D:/devkitPro/portlibs/3ds/lib\libvorbisidec.a(sharedbook.o)
                0x0011ada0                _make_words
 .text._book_maptype1_quantvals
                0x0011b024       0xac D:/devkitPro/portlibs/3ds/lib\libvorbisidec.a(sharedbook.o)
                0x0011b024                _book_maptype1_quantvals
 .text._book_unquantize.part.1
                0x0011b0d0      0x728 D:/devkitPro/portlibs/3ds/lib\libvorbisidec.a(sharedbook.o)
 .text.vorbis_staticbook_destroy
                0x0011b7f8       0x34 D:/devkitPro/portlibs/3ds/lib\libvorbisidec.a(sharedbook.o)
                0x0011b7f8                vorbis_staticbook_destroy
 .text.vorbis_book_clear
                0x0011b82c       0x6c D:/devkitPro/portlibs/3ds/lib\libvorbisidec.a(sharedbook.o)
                0x0011b82c                vorbis_book_clear
 .text.vorbis_book_init_decode
                0x0011b898      0x4d0 D:/devkitPro/portlibs/3ds/lib\libvorbisidec.a(sharedbook.o)
                0x0011b898                vorbis_book_init_decode
 .text.icomp    0x0011bd68       0x18 D:/devkitPro/portlibs/3ds/lib\libvorbisidec.a(floor1.o)
 .text.floor1_inverse2
                0x0011bd80      0x240 D:/devkitPro/portlibs/3ds/lib\libvorbisidec.a(floor1.o)
 .text.floor1_inverse1
                0x0011bfc0      0x324 D:/devkitPro/portlibs/3ds/lib\libvorbisidec.a(floor1.o)
 .text.floor1_free_look
                0x0011c2e4        0xc D:/devkitPro/portlibs/3ds/lib\libvorbisidec.a(floor1.o)
 .text.floor1_free_info
                0x0011c2f0        0xc D:/devkitPro/portlibs/3ds/lib\libvorbisidec.a(floor1.o)
 .text.floor1_look
                0x0011c2fc      0x208 D:/devkitPro/portlibs/3ds/lib\libvorbisidec.a(floor1.o)
 .text.floor1_unpack
                0x0011c504      0x31c D:/devkitPro/portlibs/3ds/lib\libvorbisidec.a(floor1.o)
 .text.floor0_inverse1
                0x0011c820      0x154 D:/devkitPro/portlibs/3ds/lib\libvorbisidec.a(floor0.o)
 .text.floor0_free_info
                0x0011c974        0xc D:/devkitPro/portlibs/3ds/lib\libvorbisidec.a(floor0.o)
 .text.floor0_unpack
                0x0011c980      0x11c D:/devkitPro/portlibs/3ds/lib\libvorbisidec.a(floor0.o)
 .text.floor0_free_look
                0x0011ca9c       0x38 D:/devkitPro/portlibs/3ds/lib\libvorbisidec.a(floor0.o)
 .text.floor0_look
                0x0011cad4      0x244 D:/devkitPro/portlibs/3ds/lib\libvorbisidec.a(floor0.o)
 .text.vorbis_lsp_to_curve
                0x0011cd18      0x3e0 D:/devkitPro/portlibs/3ds/lib\libvorbisidec.a(floor0.o)
                0x0011cd18                vorbis_lsp_to_curve
 .text.floor0_inverse2
                0x0011d0f8       0x6c D:/devkitPro/portlibs/3ds/lib\libvorbisidec.a(floor0.o)
 .text.res0_free_info
                0x0011d164        0xc D:/devkitPro/portlibs/3ds/lib\libvorbisidec.a(res012.o)
                0x0011d164                res0_free_info
 .text.res0_unpack
                0x0011d170      0x218 D:/devkitPro/portlibs/3ds/lib\libvorbisidec.a(res012.o)
                0x0011d170                res0_unpack
 .text.res0_look
                0x0011d388      0x2a8 D:/devkitPro/portlibs/3ds/lib\libvorbisidec.a(res012.o)
                0x0011d388                res0_look
 .text._01inverse
                0x0011d630      0x2bc D:/devkitPro/portlibs/3ds/lib\libvorbisidec.a(res012.o)
 .text.res0_inverse
                0x0011d8ec       0x68 D:/devkitPro/portlibs/3ds/lib\libvorbisidec.a(res012.o)
                0x0011d8ec                res0_inverse
 .text.res1_inverse
                0x0011d954       0x68 D:/devkitPro/portlibs/3ds/lib\libvorbisidec.a(res012.o)
                0x0011d954                res1_inverse
 .text.res2_inverse
                0x0011d9bc      0x254 D:/devkitPro/portlibs/3ds/lib\libvorbisidec.a(res012.o)
                0x0011d9bc                res2_inverse
 .text.res0_free_look
                0x0011dc10       0x8c D:/devkitPro/portlibs/3ds/lib\libvorbisidec.a(res012.o)
                0x0011dc10                res0_free_look
 .text.mapping0_inverse
                0x0011dc9c      0x4a8 D:/devkitPro/portlibs/3ds/lib\libvorbisidec.a(mapping0.o)
 .text.mapping0_free_info
                0x0011e144        0xc D:/devkitPro/portlibs/3ds/lib\libvorbisidec.a(mapping0.o)
 .text.mapping0_look
                0x0011e150      0x140 D:/devkitPro/portlibs/3ds/lib\libvorbisidec.a(mapping0.o)
 .text.mapping0_unpack
                0x0011e290      0x260 D:/devkitPro/portlibs/3ds/lib\libvorbisidec.a(mapping0.o)
 .text.mapping0_free_look
                0x0011e4f0       0x90 D:/devkitPro/portlibs/3ds/lib\libvorbisidec.a(mapping0.o)
 .text.mdct_backward
                0x0011e580     0x1a00 D:/devkitPro/portlibs/3ds/lib\libvorbisidec.a(mdct.o)
                0x0011e580                mdct_backward
 .text._os_update_crc
                0x0011ff80      0x100 D:/devkitPro/portlibs/3ds/lib\libogg.a(framing.o)
 .text._packetout
                0x00120080      0x12c D:/devkitPro/portlibs/3ds/lib\libogg.a(framing.o)
 .text.ogg_page_bos
                0x001201ac       0x10 D:/devkitPro/portlibs/3ds/lib\libogg.a(framing.o)
                0x001201ac                ogg_page_bos
 .text.ogg_page_eos
                0x001201bc       0x10 D:/devkitPro/portlibs/3ds/lib\libogg.a(framing.o)
                0x001201bc                ogg_page_eos
 .text.ogg_page_granulepos
                0x001201cc       0x44 D:/devkitPro/portlibs/3ds/lib\libogg.a(framing.o)
                0x001201cc                ogg_page_granulepos
 .text.ogg_page_serialno
                0x00120210        0xc D:/devkitPro/portlibs/3ds/lib\libogg.a(framing.o)
                0x00120210                ogg_page_serialno
 .text.ogg_stream_clear
                0x0012021c       0x54 D:/devkitPro/portlibs/3ds/lib\libogg.a(framing.o)
                0x0012021c                ogg_stream_clear
 .text.ogg_stream_init
                0x00120270       0x98 D:/devkitPro/portlibs/3ds/lib\libogg.a(framing.o)
                0x00120270                ogg_stream_init
 .text._os_body_expand
                0x00120308       0x78 D:/devkitPro/portlibs/3ds/lib\libogg.a(framing.o)
 .text._os_lacing_expand
                0x00120380       0x8c D:/devkitPro/portlibs/3ds/lib\libogg.a(framing.o)
 .text.ogg_page_checksum_set
                0x0012040c       0x78 D:/devkitPro/portlibs/3ds/lib\libogg.a(framing.o)
                0x0012040c                ogg_page_checksum_set
 .text.ogg_sync_init
                0x00120484       0x30 D:/devkitPro/portlibs/3ds/lib\libogg.a(framing.o)
                0x00120484                ogg_sync_init
 .text.ogg_sync_clear
                0x001204b4       0x44 D:/devkitPro/portlibs/3ds/lib\libogg.a(framing.o)
                0x001204b4                ogg_sync_clear
 .text.ogg_sync_buffer
                0x001204f8       0xc8 D:/devkitPro/portlibs/3ds/lib\libogg.a(framing.o)
                0x001204f8                ogg_sync_buffer
 .text.ogg_sync_wrote
                0x001205c0       0x34 D:/devkitPro/portlibs/3ds/lib\libogg.a(framing.o)
                0x001205c0                ogg_sync_wrote
 .text.ogg_sync_pageseek
                0x001205f4      0x1d8 D:/devkitPro/portlibs/3ds/lib\libogg.a(framing.o)
                0x001205f4                ogg_sync_pageseek
 *fill*         0x001207cc        0x4 
 .text.ogg_stream_pagein
                0x001207d0      0x380 D:/devkitPro/portlibs/3ds/lib\libogg.a(framing.o)
                0x001207d0                ogg_stream_pagein
 .text.ogg_sync_reset
                0x00120b50       0x30 D:/devkitPro/portlibs/3ds/lib\libogg.a(framing.o)
                0x00120b50                ogg_sync_reset
 .text.ogg_stream_reset
                0x00120b80       0x68 D:/devkitPro/portlibs/3ds/lib\libogg.a(framing.o)
                0x00120b80                ogg_stream_reset
 .text.ogg_stream_reset_serialno
                0x00120be8       0x68 D:/devkitPro/portlibs/3ds/lib\libogg.a(framing.o)
                0x00120be8                ogg_stream_reset_serialno
 .text.ogg_stream_packetout
                0x00120c50       0x24 D:/devkitPro/portlibs/3ds/lib\libogg.a(framing.o)
                0x00120c50                ogg_stream_packetout
 .text.oggpack_readinit
                0x00120c74       0x1c D:/devkitPro/portlibs/3ds/lib\libogg.a(bitwise.o)
                0x00120c74                oggpack_readinit
 .text.oggpack_look
                0x00120c90       0xc4 D:/devkitPro/portlibs/3ds/lib\libogg.a(bitwise.o)
                0x00120c90                oggpack_look
 .text.oggpack_adv
                0x00120d54       0x64 D:/devkitPro/portlibs/3ds/lib\libogg.a(bitwise.o)
                0x00120d54                oggpack_adv
 .text.oggpack_read
                0x00120db8       0xfc D:/devkitPro/portlibs/3ds/lib\libogg.a(bitwise.o)
                0x00120db8                oggpack_read
 .text.oggpack_bytes
                0x00120eb4       0x14 D:/devkitPro/portlibs/3ds/lib\libogg.a(bitwise.o)
                0x00120eb4                oggpack_bytes
 .text._ZN7ModPlug14UpdateSettingsEb
                0x00120ec8       0xf8 D:/devkitPro/portlibs/3ds/lib\libmodplug.a(modplug.o)
                0x00120ec8                ModPlug::UpdateSettings(bool)
 .text.ModPlug_Load
                0x00120fc0       0x8c D:/devkitPro/portlibs/3ds/lib\libmodplug.a(modplug.o)
                0x00120fc0                ModPlug_Load
 .text.ModPlug_Unload
                0x0012104c       0x30 D:/devkitPro/portlibs/3ds/lib\libmodplug.a(modplug.o)
                0x0012104c                ModPlug_Unload
 .text.ModPlug_Read
                0x0012107c       0x1c D:/devkitPro/portlibs/3ds/lib\libmodplug.a(modplug.o)
                0x0012107c                ModPlug_Read
 .text.ModPlug_SetMasterVolume
                0x00121098        0x8 D:/devkitPro/portlibs/3ds/lib\libmodplug.a(modplug.o)
                0x00121098                ModPlug_SetMasterVolume
 .text.ModPlug_SetSettings
                0x001210a0       0x54 D:/devkitPro/portlibs/3ds/lib\libmodplug.a(modplug.o)
                0x001210a0                ModPlug_SetSettings
 .text._ZN10CSoundFile8ReadNoteEv.part.0
                0x001210f4     0x15d4 D:/devkitPro/portlibs/3ds/lib\libmodplug.a(sndmix.o)
 .text._Z7_muldivlll
                0x001226c8       0x14 D:/devkitPro/portlibs/3ds/lib\libmodplug.a(sndmix.o)
                0x001226c8                _muldiv(long, long, long)
 .text._Z8_muldivrlll
                0x001226dc       0x28 D:/devkitPro/portlibs/3ds/lib\libmodplug.a(sndmix.o)
                0x001226dc                _muldivr(long, long, long)
 .text._ZN10CSoundFile10InitPlayerEb
                0x00122704      0x110 D:/devkitPro/portlibs/3ds/lib\libmodplug.a(sndmix.o)
                0x00122704                CSoundFile::InitPlayer(bool)
 .text._ZN10CSoundFile8FadeSongEm
                0x00122814       0xf0 D:/devkitPro/portlibs/3ds/lib\libmodplug.a(sndmix.o)
                0x00122814                CSoundFile::FadeSong(unsigned long)
 .text._ZN10CSoundFile14GlobalFadeSongEm